Archive member included to satisfy reference by file (symbol)

c:/st/stm32cubeide_1.7.0/stm32cubeide/plugins/com.st.stm32cube.ide.mcu.externaltools.gnu-tools-for-stm32.9-2020-q2-update.win32_2.0.0.202105311346/tools/bin/../lib/gcc/arm-none-eabi/9.3.1/../../../../arm-none-eabi/lib/thumb/v7-m/nofp\libc_nano.a(lib_a-errno.o)
                              ./Core/Src/syscalls.o (__errno)
c:/st/stm32cubeide_1.7.0/stm32cubeide/plugins/com.st.stm32cube.ide.mcu.externaltools.gnu-tools-for-stm32.9-2020-q2-update.win32_2.0.0.202105311346/tools/bin/../lib/gcc/arm-none-eabi/9.3.1/../../../../arm-none-eabi/lib/thumb/v7-m/nofp\libc_nano.a(lib_a-exit.o)
                              c:/st/stm32cubeide_1.7.0/stm32cubeide/plugins/com.st.stm32cube.ide.mcu.externaltools.gnu-tools-for-stm32.9-2020-q2-update.win32_2.0.0.202105311346/tools/bin/../lib/gcc/arm-none-eabi/9.3.1/../../../../arm-none-eabi/lib/thumb/v7-m/nofp/crt0.o (exit)
c:/st/stm32cubeide_1.7.0/stm32cubeide/plugins/com.st.stm32cube.ide.mcu.externaltools.gnu-tools-for-stm32.9-2020-q2-update.win32_2.0.0.202105311346/tools/bin/../lib/gcc/arm-none-eabi/9.3.1/../../../../arm-none-eabi/lib/thumb/v7-m/nofp\libc_nano.a(lib_a-impure.o)
                              c:/st/stm32cubeide_1.7.0/stm32cubeide/plugins/com.st.stm32cube.ide.mcu.externaltools.gnu-tools-for-stm32.9-2020-q2-update.win32_2.0.0.202105311346/tools/bin/../lib/gcc/arm-none-eabi/9.3.1/../../../../arm-none-eabi/lib/thumb/v7-m/nofp\libc_nano.a(lib_a-exit.o) (_global_impure_ptr)
c:/st/stm32cubeide_1.7.0/stm32cubeide/plugins/com.st.stm32cube.ide.mcu.externaltools.gnu-tools-for-stm32.9-2020-q2-update.win32_2.0.0.202105311346/tools/bin/../lib/gcc/arm-none-eabi/9.3.1/../../../../arm-none-eabi/lib/thumb/v7-m/nofp\libc_nano.a(lib_a-init.o)
                              c:/st/stm32cubeide_1.7.0/stm32cubeide/plugins/com.st.stm32cube.ide.mcu.externaltools.gnu-tools-for-stm32.9-2020-q2-update.win32_2.0.0.202105311346/tools/bin/../lib/gcc/arm-none-eabi/9.3.1/../../../../arm-none-eabi/lib/thumb/v7-m/nofp/crt0.o (__libc_init_array)
c:/st/stm32cubeide_1.7.0/stm32cubeide/plugins/com.st.stm32cube.ide.mcu.externaltools.gnu-tools-for-stm32.9-2020-q2-update.win32_2.0.0.202105311346/tools/bin/../lib/gcc/arm-none-eabi/9.3.1/../../../../arm-none-eabi/lib/thumb/v7-m/nofp\libc_nano.a(lib_a-memcmp.o)
                              ./Core/Src/main.o (memcmp)
c:/st/stm32cubeide_1.7.0/stm32cubeide/plugins/com.st.stm32cube.ide.mcu.externaltools.gnu-tools-for-stm32.9-2020-q2-update.win32_2.0.0.202105311346/tools/bin/../lib/gcc/arm-none-eabi/9.3.1/../../../../arm-none-eabi/lib/thumb/v7-m/nofp\libc_nano.a(lib_a-memcpy-stub.o)
                              ./Core/Src/flash.o (memcpy)
c:/st/stm32cubeide_1.7.0/stm32cubeide/plugins/com.st.stm32cube.ide.mcu.externaltools.gnu-tools-for-stm32.9-2020-q2-update.win32_2.0.0.202105311346/tools/bin/../lib/gcc/arm-none-eabi/9.3.1/../../../../arm-none-eabi/lib/thumb/v7-m/nofp\libc_nano.a(lib_a-memset.o)
                              c:/st/stm32cubeide_1.7.0/stm32cubeide/plugins/com.st.stm32cube.ide.mcu.externaltools.gnu-tools-for-stm32.9-2020-q2-update.win32_2.0.0.202105311346/tools/bin/../lib/gcc/arm-none-eabi/9.3.1/../../../../arm-none-eabi/lib/thumb/v7-m/nofp/crt0.o (memset)

Allocating common symbols
Common symbol       size              file

hspi2               0x58              ./Core/Src/main.o
OldDeviceStatus     0x1               ./Core/Src/main.o
rxArrivedTime       0x4               ./Core/Src/main.o
Card                0x46              ./Core/Src/main.o
hcan                0x28              ./Core/Src/main.o
uwTick              0x4               ./Drivers/STM32F1xx_HAL_Driver/Src/stm32f1xx_hal.o
pFlash              0x20              ./Drivers/STM32F1xx_HAL_Driver/Src/stm32f1xx_hal_flash.o
Uart1               0x114             ./Core/Src/main.o
Buzzer              0x18              ./Core/Src/buzzerControl.o
serNum              0x5               ./Core/Src/main.o
htim3               0x48              ./Core/Src/main.o
DeviceZone          0x1               ./Core/Src/main.o
DeviceStatus        0x1               ./Core/Src/main.o
huart1              0x44              ./Core/Src/main.o
ReceivedCard        0x7               ./Core/Src/main.o
Door                0xc               ./Core/Src/main.o
TxData              0x8               ./Core/Src/main.o
TxMailbox           0x4               ./Core/Src/main.o
RxData              0x8               ./Core/Src/main.o
huart2              0x44              ./Core/Src/main.o
str                 0x10              ./Core/Src/main.o
TxHeader            0x18              ./Core/Src/main.o
RxHeader            0x1c              ./Core/Src/main.o
rxArrivedFlag       0x1               ./Core/Src/main.o
Uart2               0x114             ./Core/Src/main.o
Led                 0x28              ./Core/Src/ledControl.o
wrongAccess         0x1               ./Core/Src/main.o
[...]
Memory Configuration

Name             Origin             Length             Attributes
RAM              0x0000000020000000 0x0000000000005000 xrw
FLASH            0x0000000008000000 0x000000000000fc00 xr
DATA             0x000000000800fc00 0x0000000000000400 xr
*default*        0x0000000000000000 0xffffffffffffffff

Linker script and memory map

LOAD c:/st/stm32cubeide_1.7.0/stm32cubeide/plugins/com.st.stm32cube.ide.mcu.externaltools.gnu-tools-for-stm32.9-2020-q2-update.win32_2.0.0.202105311346/tools/bin/../lib/gcc/arm-none-eabi/9.3.1/thumb/v7-m/nofp/crti.o
LOAD c:/st/stm32cubeide_1.7.0/stm32cubeide/plugins/com.st.stm32cube.ide.mcu.externaltools.gnu-tools-for-stm32.9-2020-q2-update.win32_2.0.0.202105311346/tools/bin/../lib/gcc/arm-none-eabi/9.3.1/thumb/v7-m/nofp/crtbegin.o
LOAD c:/st/stm32cubeide_1.7.0/stm32cubeide/plugins/com.st.stm32cube.ide.mcu.externaltools.gnu-tools-for-stm32.9-2020-q2-update.win32_2.0.0.202105311346/tools/bin/../lib/gcc/arm-none-eabi/9.3.1/../../../../arm-none-eabi/lib/thumb/v7-m/nofp/crt0.o
LOAD ./Core/Src/RC-522.o
LOAD ./Core/Src/buzzerControl.o
LOAD ./Core/Src/flash.o
LOAD ./Core/Src/ledControl.o
LOAD ./Core/Src/main.o
LOAD ./Core/Src/stm32f1xx_hal_msp.o
LOAD ./Core/Src/stm32f1xx_it.o
LOAD ./Core/Src/syscalls.o
LOAD ./Core/Src/sysmem.o
LOAD ./Core/Src/system_stm32f1xx.o
LOAD ./Core/Startup/startup_stm32f103c8tx.o
LOAD ./Drivers/STM32F1xx_HAL_Driver/Src/stm32f1xx_hal.o
LOAD ./Drivers/STM32F1xx_HAL_Driver/Src/stm32f1xx_hal_can.o
LOAD ./Drivers/STM32F1xx_HAL_Driver/Src/stm32f1xx_hal_cortex.o
LOAD ./Drivers/STM32F1xx_HAL_Driver/Src/stm32f1xx_hal_dma.o
LOAD ./Drivers/STM32F1xx_HAL_Driver/Src/stm32f1xx_hal_exti.o
LOAD ./Drivers/STM32F1xx_HAL_Driver/Src/stm32f1xx_hal_flash.o
LOAD ./Drivers/STM32F1xx_HAL_Driver/Src/stm32f1xx_hal_flash_ex.o
LOAD ./Drivers/STM32F1xx_HAL_Driver/Src/stm32f1xx_hal_gpio.o
LOAD ./Drivers/STM32F1xx_HAL_Driver/Src/stm32f1xx_hal_gpio_ex.o
LOAD ./Drivers/STM32F1xx_HAL_Driver/Src/stm32f1xx_hal_pwr.o
LOAD ./Drivers/STM32F1xx_HAL_Driver/Src/stm32f1xx_hal_rcc.o
LOAD ./Drivers/STM32F1xx_HAL_Driver/Src/stm32f1xx_hal_rcc_ex.o
LOAD ./Drivers/STM32F1xx_HAL_Driver/Src/stm32f1xx_hal_spi.o
LOAD ./Drivers/STM32F1xx_HAL_Driver/Src/stm32f1xx_hal_tim.o
LOAD ./Drivers/STM32F1xx_HAL_Driver/Src/stm32f1xx_hal_tim_ex.o
LOAD ./Drivers/STM32F1xx_HAL_Driver/Src/stm32f1xx_hal_uart.o
START GROUP
LOAD c:/st/stm32cubeide_1.7.0/stm32cubeide/plugins/com.st.stm32cube.ide.mcu.externaltools.gnu-tools-for-stm32.9-2020-q2-update.win32_2.0.0.202105311346/tools/bin/../lib/gcc/arm-none-eabi/9.3.1/../../../../arm-none-eabi/lib/thumb/v7-m/nofp\libc_nano.a
LOAD c:/st/stm32cubeide_1.7.0/stm32cubeide/plugins/com.st.stm32cube.ide.mcu.externaltools.gnu-tools-for-stm32.9-2020-q2-update.win32_2.0.0.202105311346/tools/bin/../lib/gcc/arm-none-eabi/9.3.1/../../../../arm-none-eabi/lib/thumb/v7-m/nofp\libm.a
END GROUP
START GROUP
LOAD c:/st/stm32cubeide_1.7.0/stm32cubeide/plugins/com.st.stm32cube.ide.mcu.externaltools.gnu-tools-for-stm32.9-2020-q2-update.win32_2.0.0.202105311346/tools/bin/../lib/gcc/arm-none-eabi/9.3.1/thumb/v7-m/nofp\libgcc.a
LOAD c:/st/stm32cubeide_1.7.0/stm32cubeide/plugins/com.st.stm32cube.ide.mcu.externaltools.gnu-tools-for-stm32.9-2020-q2-update.win32_2.0.0.202105311346/tools/bin/../lib/gcc/arm-none-eabi/9.3.1/../../../../arm-none-eabi/lib/thumb/v7-m/nofp\libc_nano.a
END GROUP
START GROUP
LOAD c:/st/stm32cubeide_1.7.0/stm32cubeide/plugins/com.st.stm32cube.ide.mcu.externaltools.gnu-tools-for-stm32.9-2020-q2-update.win32_2.0.0.202105311346/tools/bin/../lib/gcc/arm-none-eabi/9.3.1/thumb/v7-m/nofp\libgcc.a
LOAD c:/st/stm32cubeide_1.7.0/stm32cubeide/plugins/com.st.stm32cube.ide.mcu.externaltools.gnu-tools-for-stm32.9-2020-q2-update.win32_2.0.0.202105311346/tools/bin/../lib/gcc/arm-none-eabi/9.3.1/../../../../arm-none-eabi/lib/thumb/v7-m/nofp\libc_nano.a
LOAD c:/st/stm32cubeide_1.7.0/stm32cubeide/plugins/com.st.stm32cube.ide.mcu.externaltools.gnu-tools-for-stm32.9-2020-q2-update.win32_2.0.0.202105311346/tools/bin/../lib/gcc/arm-none-eabi/9.3.1/../../../../arm-none-eabi/lib/thumb/v7-m/nofp\libnosys.a
END GROUP
START GROUP
LOAD c:/st/stm32cubeide_1.7.0/stm32cubeide/plugins/com.st.stm32cube.ide.mcu.externaltools.gnu-tools-for-stm32.9-2020-q2-update.win32_2.0.0.202105311346/tools/bin/../lib/gcc/arm-none-eabi/9.3.1/thumb/v7-m/nofp\libgcc.a
LOAD c:/st/stm32cubeide_1.7.0/stm32cubeide/plugins/com.st.stm32cube.ide.mcu.externaltools.gnu-tools-for-stm32.9-2020-q2-update.win32_2.0.0.202105311346/tools/bin/../lib/gcc/arm-none-eabi/9.3.1/../../../../arm-none-eabi/lib/thumb/v7-m/nofp\libc_nano.a
LOAD c:/st/stm32cubeide_1.7.0/stm32cubeide/plugins/com.st.stm32cube.ide.mcu.externaltools.gnu-tools-for-stm32.9-2020-q2-update.win32_2.0.0.202105311346/tools/bin/../lib/gcc/arm-none-eabi/9.3.1/../../../../arm-none-eabi/lib/thumb/v7-m/nofp\libnosys.a
END GROUP
LOAD c:/st/stm32cubeide_1.7.0/stm32cubeide/plugins/com.st.stm32cube.ide.mcu.externaltools.gnu-tools-for-stm32.9-2020-q2-update.win32_2.0.0.202105311346/tools/bin/../lib/gcc/arm-none-eabi/9.3.1/thumb/v7-m/nofp/crtend.o
LOAD c:/st/stm32cubeide_1.7.0/stm32cubeide/plugins/com.st.stm32cube.ide.mcu.externaltools.gnu-tools-for-stm32.9-2020-q2-update.win32_2.0.0.202105311346/tools/bin/../lib/gcc/arm-none-eabi/9.3.1/thumb/v7-m/nofp/crtn.o
                0x0000000020005000                _estack = (ORIGIN (RAM) + LENGTH (RAM))
                0x0000000000000200                _Min_Heap_Size = 0x200
                0x0000000000000400                _Min_Stack_Size = 0x400

.isr_vector     0x0000000008000000      0x10c
                0x0000000008000000                . = ALIGN (0x4)
 *(.isr_vector)
 .isr_vector    0x0000000008000000      0x10c ./Core/Startup/startup_stm32f103c8tx.o
                0x0000000008000000                g_pfnVectors
                0x000000000800010c                . = ALIGN (0x4)

.dataSection    0x000000000800fc00       0x48
                0x000000000800fc00                . = ALIGN (0x4)
 *(.dataSection)
 .dataSection   0x000000000800fc00       0x46 ./Core/Src/main.o
                0x000000000800fc00                CardFlash
                0x000000000800fc48                . = ALIGN (0x4)
 *fill*         0x000000000800fc46        0x2 

.text           0x000000000800010c     0x57ac
                0x000000000800010c                . = ALIGN (0x4)
 *(.text)
 .text          0x000000000800010c       0x40 c:/st/stm32cubeide_1.7.0/stm32cubeide/plugins/com.st.stm32cube.ide.mcu.externaltools.gnu-tools-for-stm32.9-2020-q2-update.win32_2.0.0.202105311346/tools/bin/../lib/gcc/arm-none-eabi/9.3.1/thumb/v7-m/nofp/crtbegin.o
 *(.text*)
 .text.RC522_SPI_Transfer
                0x000000000800014c       0x2c ./Core/Src/RC-522.o
                0x000000000800014c                RC522_SPI_Transfer
 .text.Write_MFRC522
                0x0000000008000178       0x50 ./Core/Src/RC-522.o
                0x0000000008000178                Write_MFRC522
 .text.Read_MFRC522
                0x00000000080001c8       0x54 ./Core/Src/RC-522.o
                0x00000000080001c8                Read_MFRC522
 .text.SetBitMask
                0x000000000800021c       0x36 ./Core/Src/RC-522.o
                0x000000000800021c                SetBitMask
 .text.ClearBitMask
                0x0000000008000252       0x40 ./Core/Src/RC-522.o
                0x0000000008000252                ClearBitMask
 .text.AntennaOn
                0x0000000008000292       0x16 ./Core/Src/RC-522.o
                0x0000000008000292                AntennaOn
 .text.MFRC522_Reset
                0x00000000080002a8       0x10 ./Core/Src/RC-522.o
                0x00000000080002a8                MFRC522_Reset
 .text.MFRC522_Init
                0x00000000080002b8       0x60 ./Core/Src/RC-522.o
                0x00000000080002b8                MFRC522_Init
 .text.MFRC522_ToCard
                0x0000000008000318      0x192 ./Core/Src/RC-522.o
                0x0000000008000318                MFRC522_ToCard
 .text.MFRC522_Request
                0x00000000080004aa       0x4a ./Core/Src/RC-522.o
                0x00000000080004aa                MFRC522_Request
 .text.MFRC522_Anticoll
                0x00000000080004f4       0x7a ./Core/Src/RC-522.o
                0x00000000080004f4                MFRC522_Anticoll
 *fill*         0x000000000800056e        0x2 
 .text.BuzzerUpdate
                0x0000000008000570      0x1c8 ./Core/Src/buzzerControl.o
                0x0000000008000570                BuzzerUpdate
 .text.BuzzerControl
                0x0000000008000738       0x44 ./Core/Src/buzzerControl.o
                0x0000000008000738                BuzzerControl
 .text.BuzzerInit
                0x000000000800077c       0x28 ./Core/Src/buzzerControl.o
                0x000000000800077c                BuzzerInit
 .text.SaveDataToFlash
                0x00000000080007a4       0xac ./Core/Src/flash.o
                0x00000000080007a4                SaveDataToFlash
 .text.ReadDataFromFlash
                0x0000000008000850       0x20 ./Core/Src/flash.o
                0x0000000008000850                ReadDataFromFlash
 .text.LedUpdate
                0x0000000008000870      0x1dc ./Core/Src/ledControl.o
                0x0000000008000870                LedUpdate
 .text.LedONorOFF
                0x0000000008000a4c       0xb0 ./Core/Src/ledControl.o
                0x0000000008000a4c                LedONorOFF
 .text.LedControl
                0x0000000008000afc       0x80 ./Core/Src/ledControl.o
                0x0000000008000afc                LedControl
 .text.LedInit  0x0000000008000b7c       0x48 ./Core/Src/ledControl.o
                0x0000000008000b7c                LedInit
 .text.LedResetActiveState
                0x0000000008000bc4       0x18 ./Core/Src/ledControl.o
                0x0000000008000bc4                LedResetActiveState
 .text.HAL_TIM_PeriodElapsedCallback
                0x0000000008000bdc      0x138 ./Core/Src/main.o
                0x0000000008000bdc                HAL_TIM_PeriodElapsedCallback
 .text.WhichCardEmpty
                0x0000000008000d14       0x50 ./Core/Src/main.o
                0x0000000008000d14                WhichCardEmpty
 .text.DeviceStatusUpdate
                0x0000000008000d64      0x194 ./Core/Src/main.o
                0x0000000008000d64                DeviceStatusUpdate
 .text.ReaderControl
                0x0000000008000ef8       0x48 ./Core/Src/main.o
                0x0000000008000ef8                ReaderControl
 .text.HAL_UART_RxCpltCallback
                0x0000000008000f40      0x350 ./Core/Src/main.o
                0x0000000008000f40                HAL_UART_RxCpltCallback
 .text.CheckUart
                0x0000000008001290       0x54 ./Core/Src/main.o
                0x0000000008001290                CheckUart
 .text.PrepareUartPackage
                0x00000000080012e4       0xd0 ./Core/Src/main.o
                0x00000000080012e4                PrepareUartPackage
 .text.ProcessCardID
                0x00000000080013b4      0x268 ./Core/Src/main.o
                0x00000000080013b4                ProcessCardID
 .text.SendData
                0x000000000800161c       0xbc ./Core/Src/main.o
                0x000000000800161c                SendData
 .text.CardControl
                0x00000000080016d8       0xf0 ./Core/Src/main.o
                0x00000000080016d8                CardControl
 .text.DoorControl
                0x00000000080017c8       0x38 ./Core/Src/main.o
                0x00000000080017c8                DoorControl
 .text.main     0x0000000008001800      0x4b8 ./Core/Src/main.o
                0x0000000008001800                main
 .text.SystemClock_Config
                0x0000000008001cb8       0x8a ./Core/Src/main.o
                0x0000000008001cb8                SystemClock_Config
 *fill*         0x0000000008001d42        0x2 
 .text.MX_CAN_Init
                0x0000000008001d44       0xa4 ./Core/Src/main.o
 .text.MX_SPI2_Init
                0x0000000008001de8       0x6c ./Core/Src/main.o
 .text.MX_TIM3_Init
                0x0000000008001e54       0x9c ./Core/Src/main.o
 .text.MX_USART1_UART_Init
                0x0000000008001ef0       0x54 ./Core/Src/main.o
 .text.MX_USART2_UART_Init
                0x0000000008001f44       0x54 ./Core/Src/main.o
 .text.MX_GPIO_Init
                0x0000000008001f98      0x16c ./Core/Src/main.o
 .text.Error_Handler
                0x0000000008002104        0xa ./Core/Src/main.o
                0x0000000008002104                Error_Handler
 *fill*         0x000000000800210e        0x2 
 .text.HAL_MspInit
                0x0000000008002110       0x64 ./Core/Src/stm32f1xx_hal_msp.o
                0x0000000008002110                HAL_MspInit
 .text.HAL_CAN_MspInit
                0x0000000008002174       0xa8 ./Core/Src/stm32f1xx_hal_msp.o
                0x0000000008002174                HAL_CAN_MspInit
 .text.HAL_SPI_MspInit
                0x000000000800221c       0x98 ./Core/Src/stm32f1xx_hal_msp.o
                0x000000000800221c                HAL_SPI_MspInit
 .text.HAL_TIM_Base_MspInit
                0x00000000080022b4       0x4c ./Core/Src/stm32f1xx_hal_msp.o
                0x00000000080022b4                HAL_TIM_Base_MspInit
 .text.HAL_UART_MspInit
                0x0000000008002300      0x148 ./Core/Src/stm32f1xx_hal_msp.o
                0x0000000008002300                HAL_UART_MspInit
 .text.NMI_Handler
                0x0000000008002448        0x6 ./Core/Src/stm32f1xx_it.o
                0x0000000008002448                NMI_Handler
 .text.HardFault_Handler
                0x000000000800244e        0x6 ./Core/Src/stm32f1xx_it.o
                0x000000000800244e                HardFault_Handler
 .text.MemManage_Handler
                0x0000000008002454        0x6 ./Core/Src/stm32f1xx_it.o
                0x0000000008002454                MemManage_Handler
 .text.BusFault_Handler
                0x000000000800245a        0x6 ./Core/Src/stm32f1xx_it.o
                0x000000000800245a                BusFault_Handler
 .text.UsageFault_Handler
                0x0000000008002460        0x6 ./Core/Src/stm32f1xx_it.o
                0x0000000008002460                UsageFault_Handler
 .text.SVC_Handler
                0x0000000008002466        0xc ./Core/Src/stm32f1xx_it.o
                0x0000000008002466                SVC_Handler
 .text.DebugMon_Handler
                0x0000000008002472        0xc ./Core/Src/stm32f1xx_it.o
                0x0000000008002472                DebugMon_Handler
 .text.PendSV_Handler
                0x000000000800247e        0xc ./Core/Src/stm32f1xx_it.o
                0x000000000800247e                PendSV_Handler
 .text.SysTick_Handler
                0x000000000800248a        0xc ./Core/Src/stm32f1xx_it.o
                0x000000000800248a                SysTick_Handler
 *fill*         0x0000000008002496        0x2 
 .text.CAN1_RX1_IRQHandler
                0x0000000008002498       0x14 ./Core/Src/stm32f1xx_it.o
                0x0000000008002498                CAN1_RX1_IRQHandler
 .text.TIM3_IRQHandler
                0x00000000080024ac       0x14 ./Core/Src/stm32f1xx_it.o
                0x00000000080024ac                TIM3_IRQHandler
 .text.USART1_IRQHandler
                0x00000000080024c0       0x14 ./Core/Src/stm32f1xx_it.o
                0x00000000080024c0                USART1_IRQHandler
 .text.USART2_IRQHandler
                0x00000000080024d4       0x14 ./Core/Src/stm32f1xx_it.o
                0x00000000080024d4                USART2_IRQHandler
 .text.SystemInit
                0x00000000080024e8        0xc ./Core/Src/system_stm32f1xx.o
                0x00000000080024e8                SystemInit
 .text.Reset_Handler
                0x00000000080024f4       0x48 ./Core/Startup/startup_stm32f103c8tx.o
                0x00000000080024f4                Reset_Handler
 .text.Default_Handler
                0x000000000800253c        0x2 ./Core/Startup/startup_stm32f103c8tx.o
                0x000000000800253c                RTC_Alarm_IRQHandler
                0x000000000800253c                EXTI2_IRQHandler
                0x000000000800253c                TIM1_CC_IRQHandler
                0x000000000800253c                PVD_IRQHandler
                0x000000000800253c                EXTI3_IRQHandler
                0x000000000800253c                EXTI0_IRQHandler
                0x000000000800253c                I2C2_EV_IRQHandler
                0x000000000800253c                ADC1_2_IRQHandler
                0x000000000800253c                SPI1_IRQHandler
                0x000000000800253c                TAMPER_IRQHandler
                0x000000000800253c                DMA1_Channel4_IRQHandler
                0x000000000800253c                USART3_IRQHandler
                0x000000000800253c                RTC_IRQHandler
                0x000000000800253c                DMA1_Channel7_IRQHandler
                0x000000000800253c                TIM4_IRQHandler
                0x000000000800253c                I2C1_EV_IRQHandler
                0x000000000800253c                DMA1_Channel6_IRQHandler
                0x000000000800253c                RCC_IRQHandler
                0x000000000800253c                TIM1_TRG_COM_IRQHandler
                0x000000000800253c                DMA1_Channel1_IRQHandler
                0x000000000800253c                Default_Handler
                0x000000000800253c                EXTI15_10_IRQHandler
                0x000000000800253c                EXTI9_5_IRQHandler
                0x000000000800253c                SPI2_IRQHandler
                0x000000000800253c                DMA1_Channel5_IRQHandler
                0x000000000800253c                EXTI4_IRQHandler
                0x000000000800253c                USB_LP_CAN1_RX0_IRQHandler
                0x000000000800253c                USB_HP_CAN1_TX_IRQHandler
                0x000000000800253c                DMA1_Channel3_IRQHandler
                0x000000000800253c                TIM1_UP_IRQHandler
                0x000000000800253c                WWDG_IRQHandler
                0x000000000800253c                TIM2_IRQHandler
                0x000000000800253c                TIM1_BRK_IRQHandler
                0x000000000800253c                EXTI1_IRQHandler
                0x000000000800253c                I2C2_ER_IRQHandler
                0x000000000800253c                DMA1_Channel2_IRQHandler
                0x000000000800253c                CAN1_SCE_IRQHandler
                0x000000000800253c                FLASH_IRQHandler
                0x000000000800253c                I2C1_ER_IRQHandler
                0x000000000800253c                USBWakeUp_IRQHandler
 *fill*         0x000000000800253e        0x2 
 .text.HAL_Init
                0x0000000008002540       0x2c ./Drivers/STM32F1xx_HAL_Driver/Src/stm32f1xx_hal.o
                0x0000000008002540                HAL_Init
 .text.HAL_InitTick
                0x000000000800256c       0x60 ./Drivers/STM32F1xx_HAL_Driver/Src/stm32f1xx_hal.o
                0x000000000800256c                HAL_InitTick
 .text.HAL_IncTick
                0x00000000080025cc       0x24 ./Drivers/STM32F1xx_HAL_Driver/Src/stm32f1xx_hal.o
                0x00000000080025cc                HAL_IncTick
 .text.HAL_GetTick
                0x00000000080025f0       0x14 ./Drivers/STM32F1xx_HAL_Driver/Src/stm32f1xx_hal.o
                0x00000000080025f0                HAL_GetTick
 .text.HAL_Delay
                0x0000000008002604       0x48 ./Drivers/STM32F1xx_HAL_Driver/Src/stm32f1xx_hal.o
                0x0000000008002604                HAL_Delay
 .text.HAL_CAN_Init
                0x000000000800264c      0x1f6 ./Drivers/STM32F1xx_HAL_Driver/Src/stm32f1xx_hal_can.o
                0x000000000800264c                HAL_CAN_Init
 .text.HAL_CAN_ConfigFilter
                0x0000000008002842      0x192 ./Drivers/STM32F1xx_HAL_Driver/Src/stm32f1xx_hal_can.o
                0x0000000008002842                HAL_CAN_ConfigFilter
 .text.HAL_CAN_IRQHandler
                0x00000000080029d4      0x36e ./Drivers/STM32F1xx_HAL_Driver/Src/stm32f1xx_hal_can.o
                0x00000000080029d4                HAL_CAN_IRQHandler
 .text.HAL_CAN_TxMailbox0CompleteCallback
                0x0000000008002d42       0x12 ./Drivers/STM32F1xx_HAL_Driver/Src/stm32f1xx_hal_can.o
                0x0000000008002d42                HAL_CAN_TxMailbox0CompleteCallback
 .text.HAL_CAN_TxMailbox1CompleteCallback
                0x0000000008002d54       0x12 ./Drivers/STM32F1xx_HAL_Driver/Src/stm32f1xx_hal_can.o
                0x0000000008002d54                HAL_CAN_TxMailbox1CompleteCallback
 .text.HAL_CAN_TxMailbox2CompleteCallback
                0x0000000008002d66       0x12 ./Drivers/STM32F1xx_HAL_Driver/Src/stm32f1xx_hal_can.o
                0x0000000008002d66                HAL_CAN_TxMailbox2CompleteCallback
 .text.HAL_CAN_TxMailbox0AbortCallback
                0x0000000008002d78       0x12 ./Drivers/STM32F1xx_HAL_Driver/Src/stm32f1xx_hal_can.o
                0x0000000008002d78                HAL_CAN_TxMailbox0AbortCallback
 .text.HAL_CAN_TxMailbox1AbortCallback
                0x0000000008002d8a       0x12 ./Drivers/STM32F1xx_HAL_Driver/Src/stm32f1xx_hal_can.o
                0x0000000008002d8a                HAL_CAN_TxMailbox1AbortCallback
 .text.HAL_CAN_TxMailbox2AbortCallback
                0x0000000008002d9c       0x12 ./Drivers/STM32F1xx_HAL_Driver/Src/stm32f1xx_hal_can.o
                0x0000000008002d9c                HAL_CAN_TxMailbox2AbortCallback
 .text.HAL_CAN_RxFifo0MsgPendingCallback
                0x0000000008002dae       0x12 ./Drivers/STM32F1xx_HAL_Driver/Src/stm32f1xx_hal_can.o
                0x0000000008002dae                HAL_CAN_RxFifo0MsgPendingCallback
 .text.HAL_CAN_RxFifo0FullCallback
                0x0000000008002dc0       0x12 ./Drivers/STM32F1xx_HAL_Driver/Src/stm32f1xx_hal_can.o
                0x0000000008002dc0                HAL_CAN_RxFifo0FullCallback
 .text.HAL_CAN_RxFifo1MsgPendingCallback
                0x0000000008002dd2       0x12 ./Drivers/STM32F1xx_HAL_Driver/Src/stm32f1xx_hal_can.o
                0x0000000008002dd2                HAL_CAN_RxFifo1MsgPendingCallback
 .text.HAL_CAN_RxFifo1FullCallback
                0x0000000008002de4       0x12 ./Drivers/STM32F1xx_HAL_Driver/Src/stm32f1xx_hal_can.o
                0x0000000008002de4                HAL_CAN_RxFifo1FullCallback
 .text.HAL_CAN_SleepCallback
                0x0000000008002df6       0x12 ./Drivers/STM32F1xx_HAL_Driver/Src/stm32f1xx_hal_can.o
                0x0000000008002df6                HAL_CAN_SleepCallback
 .text.HAL_CAN_WakeUpFromRxMsgCallback
                0x0000000008002e08       0x12 ./Drivers/STM32F1xx_HAL_Driver/Src/stm32f1xx_hal_can.o
                0x0000000008002e08                HAL_CAN_WakeUpFromRxMsgCallback
 .text.HAL_CAN_ErrorCallback
                0x0000000008002e1a       0x12 ./Drivers/STM32F1xx_HAL_Driver/Src/stm32f1xx_hal_can.o
                0x0000000008002e1a                HAL_CAN_ErrorCallback
 .text.__NVIC_SetPriorityGrouping
                0x0000000008002e2c       0x48 ./Drivers/STM32F1xx_HAL_Driver/Src/stm32f1xx_hal_cortex.o
 .text.__NVIC_GetPriorityGrouping
                0x0000000008002e74       0x1c ./Drivers/STM32F1xx_HAL_Driver/Src/stm32f1xx_hal_cortex.o
 .text.__NVIC_EnableIRQ
                0x0000000008002e90       0x38 ./Drivers/STM32F1xx_HAL_Driver/Src/stm32f1xx_hal_cortex.o
 .text.__NVIC_SetPriority
                0x0000000008002ec8       0x54 ./Drivers/STM32F1xx_HAL_Driver/Src/stm32f1xx_hal_cortex.o
 .text.NVIC_EncodePriority
                0x0000000008002f1c       0x64 ./Drivers/STM32F1xx_HAL_Driver/Src/stm32f1xx_hal_cortex.o
 .text.SysTick_Config
                0x0000000008002f80       0x44 ./Drivers/STM32F1xx_HAL_Driver/Src/stm32f1xx_hal_cortex.o
 .text.HAL_NVIC_SetPriorityGrouping
                0x0000000008002fc4       0x16 ./Drivers/STM32F1xx_HAL_Driver/Src/stm32f1xx_hal_cortex.o
                0x0000000008002fc4                HAL_NVIC_SetPriorityGrouping
 .text.HAL_NVIC_SetPriority
                0x0000000008002fda       0x38 ./Drivers/STM32F1xx_HAL_Driver/Src/stm32f1xx_hal_cortex.o
                0x0000000008002fda                HAL_NVIC_SetPriority
 .text.HAL_NVIC_EnableIRQ
                0x0000000008003012       0x1c ./Drivers/STM32F1xx_HAL_Driver/Src/stm32f1xx_hal_cortex.o
                0x0000000008003012                HAL_NVIC_EnableIRQ
 .text.HAL_SYSTICK_Config
                0x000000000800302e       0x18 ./Drivers/STM32F1xx_HAL_Driver/Src/stm32f1xx_hal_cortex.o
                0x000000000800302e                HAL_SYSTICK_Config
 .text.HAL_DMA_Abort
                0x0000000008003046       0x74 ./Drivers/STM32F1xx_HAL_Driver/Src/stm32f1xx_hal_dma.o
                0x0000000008003046                HAL_DMA_Abort
 *fill*         0x00000000080030ba        0x2 
 .text.HAL_DMA_Abort_IT
                0x00000000080030bc       0xec ./Drivers/STM32F1xx_HAL_Driver/Src/stm32f1xx_hal_dma.o
                0x00000000080030bc                HAL_DMA_Abort_IT
 .text.HAL_FLASH_Program
                0x00000000080031a8       0xe0 ./Drivers/STM32F1xx_HAL_Driver/Src/stm32f1xx_hal_flash.o
                0x00000000080031a8                HAL_FLASH_Program
 .text.HAL_FLASH_Unlock
                0x0000000008003288       0x4c ./Drivers/STM32F1xx_HAL_Driver/Src/stm32f1xx_hal_flash.o
                0x0000000008003288                HAL_FLASH_Unlock
 .text.HAL_FLASH_Lock
                0x00000000080032d4       0x20 ./Drivers/STM32F1xx_HAL_Driver/Src/stm32f1xx_hal_flash.o
                0x00000000080032d4                HAL_FLASH_Lock
 .text.FLASH_Program_HalfWord
                0x00000000080032f4       0x38 ./Drivers/STM32F1xx_HAL_Driver/Src/stm32f1xx_hal_flash.o
 .text.FLASH_WaitForLastOperation
                0x000000000800332c       0x8c ./Drivers/STM32F1xx_HAL_Driver/Src/stm32f1xx_hal_flash.o
                0x000000000800332c                FLASH_WaitForLastOperation
 .text.FLASH_SetErrorCode
                0x00000000080033b8       0xa0 ./Drivers/STM32F1xx_HAL_Driver/Src/stm32f1xx_hal_flash.o
 .text.HAL_FLASHEx_Erase
                0x0000000008003458       0xd8 ./Drivers/STM32F1xx_HAL_Driver/Src/stm32f1xx_hal_flash_ex.o
                0x0000000008003458                HAL_FLASHEx_Erase
 .text.FLASH_MassErase
                0x0000000008003530       0x38 ./Drivers/STM32F1xx_HAL_Driver/Src/stm32f1xx_hal_flash_ex.o
 .text.FLASH_PageErase
                0x0000000008003568       0x40 ./Drivers/STM32F1xx_HAL_Driver/Src/stm32f1xx_hal_flash_ex.o
                0x0000000008003568                FLASH_PageErase
 .text.HAL_GPIO_Init
                0x00000000080035a8      0x308 ./Drivers/STM32F1xx_HAL_Driver/Src/stm32f1xx_hal_gpio.o
                0x00000000080035a8                HAL_GPIO_Init
 .text.HAL_GPIO_ReadPin
                0x00000000080038b0       0x2e ./Drivers/STM32F1xx_HAL_Driver/Src/stm32f1xx_hal_gpio.o
                0x00000000080038b0                HAL_GPIO_ReadPin
 .text.HAL_GPIO_WritePin
                0x00000000080038de       0x30 ./Drivers/STM32F1xx_HAL_Driver/Src/stm32f1xx_hal_gpio.o
                0x00000000080038de                HAL_GPIO_WritePin
 *fill*         0x000000000800390e        0x2 
 .text.HAL_RCC_OscConfig
                0x0000000008003910      0x500 ./Drivers/STM32F1xx_HAL_Driver/Src/stm32f1xx_hal_rcc.o
                0x0000000008003910                HAL_RCC_OscConfig
 .text.HAL_RCC_ClockConfig
                0x0000000008003e10      0x1d4 ./Drivers/STM32F1xx_HAL_Driver/Src/stm32f1xx_hal_rcc.o
                0x0000000008003e10                HAL_RCC_ClockConfig
 .text.HAL_RCC_GetSysClockFreq
                0x0000000008003fe4       0xc0 ./Drivers/STM32F1xx_HAL_Driver/Src/stm32f1xx_hal_rcc.o
                0x0000000008003fe4                HAL_RCC_GetSysClockFreq
 .text.HAL_RCC_GetHCLKFreq
                0x00000000080040a4       0x14 ./Drivers/STM32F1xx_HAL_Driver/Src/stm32f1xx_hal_rcc.o
                0x00000000080040a4                HAL_RCC_GetHCLKFreq
 .text.HAL_RCC_GetPCLK1Freq
                0x00000000080040b8       0x28 ./Drivers/STM32F1xx_HAL_Driver/Src/stm32f1xx_hal_rcc.o
                0x00000000080040b8                HAL_RCC_GetPCLK1Freq
 .text.HAL_RCC_GetPCLK2Freq
                0x00000000080040e0       0x28 ./Drivers/STM32F1xx_HAL_Driver/Src/stm32f1xx_hal_rcc.o
                0x00000000080040e0                HAL_RCC_GetPCLK2Freq
 .text.RCC_Delay
                0x0000000008004108       0x3c ./Drivers/STM32F1xx_HAL_Driver/Src/stm32f1xx_hal_rcc.o
 .text.HAL_SPI_Init
                0x0000000008004144      0x108 ./Drivers/STM32F1xx_HAL_Driver/Src/stm32f1xx_hal_spi.o
                0x0000000008004144                HAL_SPI_Init
 .text.HAL_SPI_TransmitReceive
                0x000000000800424c      0x344 ./Drivers/STM32F1xx_HAL_Driver/Src/stm32f1xx_hal_spi.o
                0x000000000800424c                HAL_SPI_TransmitReceive
 .text.SPI_WaitFlagStateUntilTimeout
                0x0000000008004590      0x110 ./Drivers/STM32F1xx_HAL_Driver/Src/stm32f1xx_hal_spi.o
 .text.SPI_EndRxTxTransaction
                0x00000000080046a0       0x3c ./Drivers/STM32F1xx_HAL_Driver/Src/stm32f1xx_hal_spi.o
 .text.HAL_TIM_Base_Init
                0x00000000080046dc       0x9e ./Drivers/STM32F1xx_HAL_Driver/Src/stm32f1xx_hal_tim.o
                0x00000000080046dc                HAL_TIM_Base_Init
 *fill*         0x000000000800477a        0x2 
 .text.HAL_TIM_Base_Start_IT
                0x000000000800477c       0xa4 ./Drivers/STM32F1xx_HAL_Driver/Src/stm32f1xx_hal_tim.o
                0x000000000800477c                HAL_TIM_Base_Start_IT
 .text.HAL_TIM_IRQHandler
                0x0000000008004820      0x210 ./Drivers/STM32F1xx_HAL_Driver/Src/stm32f1xx_hal_tim.o
                0x0000000008004820                HAL_TIM_IRQHandler
 .text.HAL_TIM_ConfigClockSource
                0x0000000008004a30      0x188 ./Drivers/STM32F1xx_HAL_Driver/Src/stm32f1xx_hal_tim.o
                0x0000000008004a30                HAL_TIM_ConfigClockSource
 .text.HAL_TIM_OC_DelayElapsedCallback
                0x0000000008004bb8       0x12 ./Drivers/STM32F1xx_HAL_Driver/Src/stm32f1xx_hal_tim.o
                0x0000000008004bb8                HAL_TIM_OC_DelayElapsedCallback
 .text.HAL_TIM_IC_CaptureCallback
                0x0000000008004bca       0x12 ./Drivers/STM32F1xx_HAL_Driver/Src/stm32f1xx_hal_tim.o
                0x0000000008004bca                HAL_TIM_IC_CaptureCallback
 .text.HAL_TIM_PWM_PulseFinishedCallback
                0x0000000008004bdc       0x12 ./Drivers/STM32F1xx_HAL_Driver/Src/stm32f1xx_hal_tim.o
                0x0000000008004bdc                HAL_TIM_PWM_PulseFinishedCallback
 .text.HAL_TIM_TriggerCallback
                0x0000000008004bee       0x12 ./Drivers/STM32F1xx_HAL_Driver/Src/stm32f1xx_hal_tim.o
                0x0000000008004bee                HAL_TIM_TriggerCallback
 .text.TIM_Base_SetConfig
                0x0000000008004c00       0xc4 ./Drivers/STM32F1xx_HAL_Driver/Src/stm32f1xx_hal_tim.o
                0x0000000008004c00                TIM_Base_SetConfig
 .text.TIM_TI1_ConfigInputStage
                0x0000000008004cc4       0x5c ./Drivers/STM32F1xx_HAL_Driver/Src/stm32f1xx_hal_tim.o
 .text.TIM_TI2_ConfigInputStage
                0x0000000008004d20       0x5e ./Drivers/STM32F1xx_HAL_Driver/Src/stm32f1xx_hal_tim.o
 .text.TIM_ITRx_SetConfig
                0x0000000008004d7e       0x34 ./Drivers/STM32F1xx_HAL_Driver/Src/stm32f1xx_hal_tim.o
 .text.TIM_ETR_SetConfig
                0x0000000008004db2       0x3e ./Drivers/STM32F1xx_HAL_Driver/Src/stm32f1xx_hal_tim.o
                0x0000000008004db2                TIM_ETR_SetConfig
 .text.HAL_TIMEx_MasterConfigSynchronization
                0x0000000008004df0       0xbc ./Drivers/STM32F1xx_HAL_Driver/Src/stm32f1xx_hal_tim_ex.o
                0x0000000008004df0                HAL_TIMEx_MasterConfigSynchronization
 .text.HAL_TIMEx_CommutCallback
                0x0000000008004eac       0x12 ./Drivers/STM32F1xx_HAL_Driver/Src/stm32f1xx_hal_tim_ex.o
                0x0000000008004eac                HAL_TIMEx_CommutCallback
 .text.HAL_TIMEx_BreakCallback
                0x0000000008004ebe       0x12 ./Drivers/STM32F1xx_HAL_Driver/Src/stm32f1xx_hal_tim_ex.o
                0x0000000008004ebe                HAL_TIMEx_BreakCallback
 .text.HAL_UART_Init
                0x0000000008004ed0       0x9a ./Drivers/STM32F1xx_HAL_Driver/Src/stm32f1xx_hal_uart.o
                0x0000000008004ed0                HAL_UART_Init
 .text.HAL_UART_Transmit_IT
                0x0000000008004f6a       0x88 ./Drivers/STM32F1xx_HAL_Driver/Src/stm32f1xx_hal_uart.o
                0x0000000008004f6a                HAL_UART_Transmit_IT
 .text.HAL_UART_Receive_IT
                0x0000000008004ff2       0x60 ./Drivers/STM32F1xx_HAL_Driver/Src/stm32f1xx_hal_uart.o
                0x0000000008004ff2                HAL_UART_Receive_IT
 *fill*         0x0000000008005052        0x2 
 .text.HAL_UART_IRQHandler
                0x0000000008005054      0x354 ./Drivers/STM32F1xx_HAL_Driver/Src/stm32f1xx_hal_uart.o
                0x0000000008005054                HAL_UART_IRQHandler
 .text.HAL_UART_TxCpltCallback
                0x00000000080053a8       0x12 ./Drivers/STM32F1xx_HAL_Driver/Src/stm32f1xx_hal_uart.o
                0x00000000080053a8                HAL_UART_TxCpltCallback
 .text.HAL_UART_ErrorCallback
                0x00000000080053ba       0x12 ./Drivers/STM32F1xx_HAL_Driver/Src/stm32f1xx_hal_uart.o
                0x00000000080053ba                HAL_UART_ErrorCallback
 .text.HAL_UARTEx_RxEventCallback
                0x00000000080053cc       0x16 ./Drivers/STM32F1xx_HAL_Driver/Src/stm32f1xx_hal_uart.o
                0x00000000080053cc                HAL_UARTEx_RxEventCallback
 .text.UART_Start_Receive_IT
                0x00000000080053e2       0x72 ./Drivers/STM32F1xx_HAL_Driver/Src/stm32f1xx_hal_uart.o
                0x00000000080053e2                UART_Start_Receive_IT
 .text.UART_EndRxTransfer
                0x0000000008005454       0x58 ./Drivers/STM32F1xx_HAL_Driver/Src/stm32f1xx_hal_uart.o
 .text.UART_DMAAbortOnError
                0x00000000080054ac       0x28 ./Drivers/STM32F1xx_HAL_Driver/Src/stm32f1xx_hal_uart.o
 .text.UART_Transmit_IT
                0x00000000080054d4       0x9e ./Drivers/STM32F1xx_HAL_Driver/Src/stm32f1xx_hal_uart.o
 .text.UART_EndTransmit_IT
                0x0000000008005572       0x30 ./Drivers/STM32F1xx_HAL_Driver/Src/stm32f1xx_hal_uart.o
 .text.UART_Receive_IT
                0x00000000080055a2      0x152 ./Drivers/STM32F1xx_HAL_Driver/Src/stm32f1xx_hal_uart.o
 .text.UART_SetConfig
                0x00000000080056f4      0x11c ./Drivers/STM32F1xx_HAL_Driver/Src/stm32f1xx_hal_uart.o
 .text.__libc_init_array
                0x0000000008005810       0x48 c:/st/stm32cubeide_1.7.0/stm32cubeide/plugins/com.st.stm32cube.ide.mcu.externaltools.gnu-tools-for-stm32.9-2020-q2-update.win32_2.0.0.202105311346/tools/bin/../lib/gcc/arm-none-eabi/9.3.1/../../../../arm-none-eabi/lib/thumb/v7-m/nofp\libc_nano.a(lib_a-init.o)
                0x0000000008005810                __libc_init_array
 .text.memcmp   0x0000000008005858       0x1c c:/st/stm32cubeide_1.7.0/stm32cubeide/plugins/com.st.stm32cube.ide.mcu.externaltools.gnu-tools-for-stm32.9-2020-q2-update.win32_2.0.0.202105311346/tools/bin/../lib/gcc/arm-none-eabi/9.3.1/../../../../arm-none-eabi/lib/thumb/v7-m/nofp\libc_nano.a(lib_a-memcmp.o)
                0x0000000008005858                memcmp
 .text.memcpy   0x0000000008005874       0x1c c:/st/stm32cubeide_1.7.0/stm32cubeide/plugins/com.st.stm32cube.ide.mcu.externaltools.gnu-tools-for-stm32.9-2020-q2-update.win32_2.0.0.202105311346/tools/bin/../lib/gcc/arm-none-eabi/9.3.1/../../../../arm-none-eabi/lib/thumb/v7-m/nofp\libc_nano.a(lib_a-memcpy-stub.o)
                0x0000000008005874                memcpy
 .text.memset   0x0000000008005890       0x10 c:/st/stm32cubeide_1.7.0/stm32cubeide/plugins/com.st.stm32cube.ide.mcu.externaltools.gnu-tools-for-stm32.9-2020-q2-update.win32_2.0.0.202105311346/tools/bin/../lib/gcc/arm-none-eabi/9.3.1/../../../../arm-none-eabi/lib/thumb/v7-m/nofp\libc_nano.a(lib_a-memset.o)
                0x0000000008005890                memset
 *(.glue_7)
 .glue_7        0x00000000080058a0        0x0 linker stubs
 *(.glue_7t)
 .glue_7t       0x00000000080058a0        0x0 linker stubs
 *(.eh_frame)
 .eh_frame      0x00000000080058a0        0x0 c:/st/stm32cubeide_1.7.0/stm32cubeide/plugins/com.st.stm32cube.ide.mcu.externaltools.gnu-tools-for-stm32.9-2020-q2-update.win32_2.0.0.202105311346/tools/bin/../lib/gcc/arm-none-eabi/9.3.1/thumb/v7-m/nofp/crtbegin.o
 *(.init)
 .init          0x00000000080058a0        0x4 c:/st/stm32cubeide_1.7.0/stm32cubeide/plugins/com.st.stm32cube.ide.mcu.externaltools.gnu-tools-for-stm32.9-2020-q2-update.win32_2.0.0.202105311346/tools/bin/../lib/gcc/arm-none-eabi/9.3.1/thumb/v7-m/nofp/crti.o
                0x00000000080058a0                _init
 .init          0x00000000080058a4        0x8 c:/st/stm32cubeide_1.7.0/stm32cubeide/plugins/com.st.stm32cube.ide.mcu.externaltools.gnu-tools-for-stm32.9-2020-q2-update.win32_2.0.0.202105311346/tools/bin/../lib/gcc/arm-none-eabi/9.3.1/thumb/v7-m/nofp/crtn.o
 *(.fini)
 .fini          0x00000000080058ac        0x4 c:/st/stm32cubeide_1.7.0/stm32cubeide/plugins/com.st.stm32cube.ide.mcu.externaltools.gnu-tools-for-stm32.9-2020-q2-update.win32_2.0.0.202105311346/tools/bin/../lib/gcc/arm-none-eabi/9.3.1/thumb/v7-m/nofp/crti.o
                0x00000000080058ac                _fini
 .fini          0x00000000080058b0        0x8 c:/st/stm32cubeide_1.7.0/stm32cubeide/plugins/com.st.stm32cube.ide.mcu.externaltools.gnu-tools-for-stm32.9-2020-q2-update.win32_2.0.0.202105311346/tools/bin/../lib/gcc/arm-none-eabi/9.3.1/thumb/v7-m/nofp/crtn.o
                0x00000000080058b8                . = ALIGN (0x4)
                0x00000000080058b8                _etext = .

.vfp11_veneer   0x00000000080058b8        0x0
 .vfp11_veneer  0x00000000080058b8        0x0 linker stubs

.v4_bx          0x00000000080058b8        0x0
 .v4_bx         0x00000000080058b8        0x0 linker stubs

.iplt           0x00000000080058b8        0x0
 .iplt          0x00000000080058b8        0x0 c:/st/stm32cubeide_1.7.0/stm32cubeide/plugins/com.st.stm32cube.ide.mcu.externaltools.gnu-tools-for-stm32.9-2020-q2-update.win32_2.0.0.202105311346/tools/bin/../lib/gcc/arm-none-eabi/9.3.1/thumb/v7-m/nofp/crtbegin.o

.rodata         0x00000000080058b8       0x28
                0x00000000080058b8                . = ALIGN (0x4)
 *(.rodata)
 .rodata        0x00000000080058b8       0x10 ./Drivers/STM32F1xx_HAL_Driver/Src/stm32f1xx_hal_rcc.o
 *(.rodata*)
 .rodata.AHBPrescTable
                0x00000000080058c8       0x10 ./Core/Src/system_stm32f1xx.o
                0x00000000080058c8                AHBPrescTable
 .rodata.APBPrescTable
                0x00000000080058d8        0x8 ./Core/Src/system_stm32f1xx.o
                0x00000000080058d8                APBPrescTable
                0x00000000080058e0                . = ALIGN (0x4)

.rel.dyn        0x00000000080058e0        0x0
 .rel.iplt      0x00000000080058e0        0x0 c:/st/stm32cubeide_1.7.0/stm32cubeide/plugins/com.st.stm32cube.ide.mcu.externaltools.gnu-tools-for-stm32.9-2020-q2-update.win32_2.0.0.202105311346/tools/bin/../lib/gcc/arm-none-eabi/9.3.1/thumb/v7-m/nofp/crtbegin.o

.ARM.extab      0x00000000080058e0        0x0
                0x00000000080058e0                . = ALIGN (0x4)
 *(.ARM.extab* .gnu.linkonce.armextab.*)
                0x00000000080058e0                . = ALIGN (0x4)

.ARM            0x00000000080058e0        0x0
                0x00000000080058e0                . = ALIGN (0x4)
                0x00000000080058e0                __exidx_start = .
 *(.ARM.exidx*)
                0x00000000080058e0                __exidx_end = .
                0x00000000080058e0                . = ALIGN (0x4)

.preinit_array  0x00000000080058e0        0x0
                0x00000000080058e0                . = ALIGN (0x4)
                0x00000000080058e0                PROVIDE (__preinit_array_start = .)
 *(.preinit_array*)
                0x00000000080058e0                PROVIDE (__preinit_array_end = .)
                0x00000000080058e0                . = ALIGN (0x4)

.init_array     0x00000000080058e0        0x4
                0x00000000080058e0                . = ALIGN (0x4)
                0x00000000080058e0                PROVIDE (__init_array_start = .)
 *(SORT_BY_NAME(.init_array.*))
 *(.init_array*)
 .init_array    0x00000000080058e0        0x4 c:/st/stm32cubeide_1.7.0/stm32cubeide/plugins/com.st.stm32cube.ide.mcu.externaltools.gnu-tools-for-stm32.9-2020-q2-update.win32_2.0.0.202105311346/tools/bin/../lib/gcc/arm-none-eabi/9.3.1/thumb/v7-m/nofp/crtbegin.o
                0x00000000080058e4                PROVIDE (__init_array_end = .)
                0x00000000080058e4                . = ALIGN (0x4)

.fini_array     0x00000000080058e4        0x4
                0x00000000080058e4                . = ALIGN (0x4)
                [!provide]                        PROVIDE (__fini_array_start = .)
 *(SORT_BY_NAME(.fini_array.*))
 *(.fini_array*)
 .fini_array    0x00000000080058e4        0x4 c:/st/stm32cubeide_1.7.0/stm32cubeide/plugins/com.st.stm32cube.ide.mcu.externaltools.gnu-tools-for-stm32.9-2020-q2-update.win32_2.0.0.202105311346/tools/bin/../lib/gcc/arm-none-eabi/9.3.1/thumb/v7-m/nofp/crtbegin.o
                [!provide]                        PROVIDE (__fini_array_end = .)
                0x00000000080058e8                . = ALIGN (0x4)
                0x00000000080058e8                _sidata = LOADADDR (.data)

.data           0x0000000020000000       0x10 load address 0x00000000080058e8
                0x0000000020000000                . = ALIGN (0x4)
                0x0000000020000000                _sdata = .
 *(.data)
 *(.data*)
 .data.TypeOfProcess
                0x0000000020000000        0x1 ./Core/Src/main.o
                0x0000000020000000                TypeOfProcess
 *fill*         0x0000000020000001        0x3 
 .data.SystemCoreClock
                0x0000000020000004        0x4 ./Core/Src/system_stm32f1xx.o
                0x0000000020000004                SystemCoreClock
 .data.uwTickPrio
                0x0000000020000008        0x4 ./Drivers/STM32F1xx_HAL_Driver/Src/stm32f1xx_hal.o
                0x0000000020000008                uwTickPrio
 .data.uwTickFreq
                0x000000002000000c        0x1 ./Drivers/STM32F1xx_HAL_Driver/Src/stm32f1xx_hal.o
                0x000000002000000c                uwTickFreq
 *(.RamFunc)
 *(.RamFunc*)
                0x0000000020000010                . = ALIGN (0x4)
 *fill*         0x000000002000000d        0x3 
                0x0000000020000010                _edata = .

.igot.plt       0x0000000020000010        0x0 load address 0x00000000080058f8
 .igot.plt      0x0000000020000010        0x0 c:/st/stm32cubeide_1.7.0/stm32cubeide/plugins/com.st.stm32cube.ide.mcu.externaltools.gnu-tools-for-stm32.9-2020-q2-update.win32_2.0.0.202105311346/tools/bin/../lib/gcc/arm-none-eabi/9.3.1/thumb/v7-m/nofp/crtbegin.o
                0x0000000020000010                . = ALIGN (0x4)

.bss            0x0000000020000010      0x4f0 load address 0x00000000080058f8
                0x0000000020000010                _sbss = .
                0x0000000020000010                __bss_start__ = _sbss
 *(.bss)
 .bss           0x0000000020000010       0x1c c:/st/stm32cubeide_1.7.0/stm32cubeide/plugins/com.st.stm32cube.ide.mcu.externaltools.gnu-tools-for-stm32.9-2020-q2-update.win32_2.0.0.202105311346/tools/bin/../lib/gcc/arm-none-eabi/9.3.1/thumb/v7-m/nofp/crtbegin.o
 *(.bss*)
 .bss.buzzerChangeCnt.6432
                0x000000002000002c        0x1 ./Core/Src/buzzerControl.o
 *fill*         0x000000002000002d        0x3 
 .bss.Address   0x0000000020000030        0x4 ./Core/Src/flash.o
                0x0000000020000030                Address
 .bss.PAGEError
                0x0000000020000034        0x4 ./Core/Src/flash.o
                0x0000000020000034                PAGEError
 .bss.EraseInitStruct
                0x0000000020000038       0x10 ./Core/Src/flash.o
 .bss.lightChangeCnt.6452
                0x0000000020000048        0x1 ./Core/Src/ledControl.o
 *fill*         0x0000000020000049        0x3 
 .bss.tempCard  0x000000002000004c        0x7 ./Core/Src/main.o
                0x000000002000004c                tempCard
 *(COMMON)
 *fill*         0x0000000020000053        0x1 
 COMMON         0x0000000020000054       0x18 ./Core/Src/buzzerControl.o
                0x0000000020000054                Buzzer
 COMMON         0x000000002000006c       0x28 ./Core/Src/ledControl.o
                0x000000002000006c                Led
 COMMON         0x0000000020000094      0x447 ./Core/Src/main.o
                0x0000000020000094                hspi2
                0x00000000200000ec                OldDeviceStatus
                0x00000000200000f0                rxArrivedTime
                0x00000000200000f4                Card
                0x000000002000013c                hcan
                0x0000000020000164                Uart1
                0x0000000020000278                serNum
                0x0000000020000280                htim3
                0x00000000200002c8                DeviceZone
                0x00000000200002c9                DeviceStatus
                0x00000000200002cc                huart1
                0x0000000020000310                ReceivedCard
                0x0000000020000318                Door
                0x0000000020000324                TxData
                0x000000002000032c                TxMailbox
                0x0000000020000330                RxData
                0x0000000020000338                huart2
                0x000000002000037c                str
                0x000000002000038c                TxHeader
                0x00000000200003a4                RxHeader
                0x00000000200003c0                rxArrivedFlag
                0x00000000200003c4                Uart2
                0x00000000200004d8                wrongAccess
                0x00000000200004d9                status
                0x00000000200004da                receivedWrongAccess
 *fill*         0x00000000200004db        0x1 
 COMMON         0x00000000200004dc        0x4 ./Drivers/STM32F1xx_HAL_Driver/Src/stm32f1xx_hal.o
                0x00000000200004dc                uwTick
 COMMON         0x00000000200004e0       0x20 ./Drivers/STM32F1xx_HAL_Driver/Src/stm32f1xx_hal_flash.o
                0x00000000200004e0                pFlash
                0x0000000020000500                . = ALIGN (0x4)
                0x0000000020000500                _ebss = .
                0x0000000020000500                __bss_end__ = _ebss

._user_heap_stack
                0x0000000020000500      0x600 load address 0x00000000080058f8
                0x0000000020000500                . = ALIGN (0x8)
                [!provide]                        PROVIDE (end = .)
                0x0000000020000500                PROVIDE (_end = .)
                0x0000000020000700                . = (. + _Min_Heap_Size)
 *fill*         0x0000000020000500      0x200 
                0x0000000020000b00                . = (. + _Min_Stack_Size)
 *fill*         0x0000000020000700      0x400 
                0x0000000020000b00                . = ALIGN (0x8)

/DISCARD/
 libc.a(*)
 libm.a(*)
 libgcc.a(*)

.ARM.attributes
                0x0000000000000000       0x29
 *(.ARM.attributes)
 .ARM.attributes
                0x0000000000000000       0x1d c:/st/stm32cubeide_1.7.0/stm32cubeide/plugins/com.st.stm32cube.ide.mcu.externaltools.gnu-tools-for-stm32.9-2020-q2-update.win32_2.0.0.202105311346/tools/bin/../lib/gcc/arm-none-eabi/9.3.1/thumb/v7-m/nofp/crti.o
 .ARM.attributes
                0x000000000000001d       0x2d c:/st/stm32cubeide_1.7.0/stm32cubeide/plugins/com.st.stm32cube.ide.mcu.externaltools.gnu-tools-for-stm32.9-2020-q2-update.win32_2.0.0.202105311346/tools/bin/../lib/gcc/arm-none-eabi/9.3.1/thumb/v7-m/nofp/crtbegin.o
 .ARM.attributes
                0x000000000000004a       0x2d ./Core/Src/RC-522.o
 .ARM.attributes
                0x0000000000000077       0x2d ./Core/Src/buzzerControl.o
 .ARM.attributes
                0x00000000000000a4       0x2d ./Core/Src/flash.o
 .ARM.attributes
                0x00000000000000d1       0x2d ./Core/Src/ledControl.o
 .ARM.attributes
                0x00000000000000fe       0x2d ./Core/Src/main.o
 .ARM.attributes
                0x000000000000012b       0x2d ./Core/Src/stm32f1xx_hal_msp.o
 .ARM.attributes
                0x0000000000000158       0x2d ./Core/Src/stm32f1xx_it.o
 .ARM.attributes
                0x0000000000000185       0x2d ./Core/Src/system_stm32f1xx.o
 .ARM.attributes
                0x00000000000001b2       0x21 ./Core/Startup/startup_stm32f103c8tx.o
 .ARM.attributes
                0x00000000000001d3       0x2d ./Drivers/STM32F1xx_HAL_Driver/Src/stm32f1xx_hal.o
 .ARM.attributes
                0x0000000000000200       0x2d ./Drivers/STM32F1xx_HAL_Driver/Src/stm32f1xx_hal_can.o
 .ARM.attributes
                0x000000000000022d       0x2d ./Drivers/STM32F1xx_HAL_Driver/Src/stm32f1xx_hal_cortex.o
 .ARM.attributes
                0x000000000000025a       0x2d ./Drivers/STM32F1xx_HAL_Driver/Src/stm32f1xx_hal_dma.o
 .ARM.attributes
                0x0000000000000287       0x2d ./Drivers/STM32F1xx_HAL_Driver/Src/stm32f1xx_hal_flash.o
 .ARM.attributes
                0x00000000000002b4       0x2d ./Drivers/STM32F1xx_HAL_Driver/Src/stm32f1xx_hal_flash_ex.o
 .ARM.attributes
                0x00000000000002e1       0x2d ./Drivers/STM32F1xx_HAL_Driver/Src/stm32f1xx_hal_gpio.o
 .ARM.attributes
                0x000000000000030e       0x2d ./Drivers/STM32F1xx_HAL_Driver/Src/stm32f1xx_hal_rcc.o
 .ARM.attributes
                0x000000000000033b       0x2d ./Drivers/STM32F1xx_HAL_Driver/Src/stm32f1xx_hal_spi.o
 .ARM.attributes
                0x0000000000000368       0x2d ./Drivers/STM32F1xx_HAL_Driver/Src/stm32f1xx_hal_tim.o
 .ARM.attributes
                0x0000000000000395       0x2d ./Drivers/STM32F1xx_HAL_Driver/Src/stm32f1xx_hal_tim_ex.o
 .ARM.attributes
                0x00000000000003c2       0x2d ./Drivers/STM32F1xx_HAL_Driver/Src/stm32f1xx_hal_uart.o
 .ARM.attributes
                0x00000000000003ef       0x2d c:/st/stm32cubeide_1.7.0/stm32cubeide/plugins/com.st.stm32cube.ide.mcu.externaltools.gnu-tools-for-stm32.9-2020-q2-update.win32_2.0.0.202105311346/tools/bin/../lib/gcc/arm-none-eabi/9.3.1/../../../../arm-none-eabi/lib/thumb/v7-m/nofp\libc_nano.a(lib_a-init.o)
 .ARM.attributes
                0x000000000000041c       0x2d c:/st/stm32cubeide_1.7.0/stm32cubeide/plugins/com.st.stm32cube.ide.mcu.externaltools.gnu-tools-for-stm32.9-2020-q2-update.win32_2.0.0.202105311346/tools/bin/../lib/gcc/arm-none-eabi/9.3.1/../../../../arm-none-eabi/lib/thumb/v7-m/nofp\libc_nano.a(lib_a-memcmp.o)
 .ARM.attributes
                0x0000000000000449       0x2d c:/st/stm32cubeide_1.7.0/stm32cubeide/plugins/com.st.stm32cube.ide.mcu.externaltools.gnu-tools-for-stm32.9-2020-q2-update.win32_2.0.0.202105311346/tools/bin/../lib/gcc/arm-none-eabi/9.3.1/../../../../arm-none-eabi/lib/thumb/v7-m/nofp\libc_nano.a(lib_a-memcpy-stub.o)
 .ARM.attributes
                0x0000000000000476       0x2d c:/st/stm32cubeide_1.7.0/stm32cubeide/plugins/com.st.stm32cube.ide.mcu.externaltools.gnu-tools-for-stm32.9-2020-q2-update.win32_2.0.0.202105311346/tools/bin/../lib/gcc/arm-none-eabi/9.3.1/../../../../arm-none-eabi/lib/thumb/v7-m/nofp\libc_nano.a(lib_a-memset.o)
 .ARM.attributes
                0x00000000000004a3       0x1d c:/st/stm32cubeide_1.7.0/stm32cubeide/plugins/com.st.stm32cube.ide.mcu.externaltools.gnu-tools-for-stm32.9-2020-q2-update.win32_2.0.0.202105311346/tools/bin/../lib/gcc/arm-none-eabi/9.3.1/thumb/v7-m/nofp/crtn.o
OUTPUT(CardEntrySystem.elf elf32-littlearm)
LOAD linker stubs
LOAD c:/st/stm32cubeide_1.7.0/stm32cubeide/plugins/com.st.stm32cube.ide.mcu.externaltools.gnu-tools-for-stm32.9-2020-q2-update.win32_2.0.0.202105311346/tools/bin/../lib/gcc/arm-none-eabi/9.3.1/../../../../arm-none-eabi/lib/thumb/v7-m/nofp\libc.a
LOAD c:/st/stm32cubeide_1.7.0/stm32cubeide/plugins/com.st.stm32cube.ide.mcu.externaltools.gnu-tools-for-stm32.9-2020-q2-update.win32_2.0.0.202105311346/tools/bin/../lib/gcc/arm-none-eabi/9.3.1/../../../../arm-none-eabi/lib/thumb/v7-m/nofp\libm.a
LOAD c:/st/stm32cubeide_1.7.0/stm32cubeide/plugins/com.st.stm32cube.ide.mcu.externaltools.gnu-tools-for-stm32.9-2020-q2-update.win32_2.0.0.202105311346/tools/bin/../lib/gcc/arm-none-eabi/9.3.1/thumb/v7-m/nofp\libgcc.a

.debug_info     0x0000000000000000    0x125f4
 .debug_info    0x0000000000000000      0xcb0 ./Core/Src/RC-522.o
 .debug_info    0x0000000000000cb0      0x36f ./Core/Src/buzzerControl.o
 .debug_info    0x000000000000101f      0xbf3 ./Core/Src/flash.o
 .debug_info    0x0000000000001c12      0x46c ./Core/Src/ledControl.o
 .debug_info    0x000000000000207e     0x28cb ./Core/Src/main.o
 .debug_info    0x0000000000004949     0x15a3 ./Core/Src/stm32f1xx_hal_msp.o
 .debug_info    0x0000000000005eec      0xe2e ./Core/Src/stm32f1xx_it.o
 .debug_info    0x0000000000006d1a      0x2be ./Core/Src/system_stm32f1xx.o
 .debug_info    0x0000000000006fd8       0x22 ./Core/Startup/startup_stm32f103c8tx.o
 .debug_info    0x0000000000006ffa      0x76a ./Drivers/STM32F1xx_HAL_Driver/Src/stm32f1xx_hal.o
 .debug_info    0x0000000000007764     0x107f ./Drivers/STM32F1xx_HAL_Driver/Src/stm32f1xx_hal_can.o
 .debug_info    0x00000000000087e3      0xbdc ./Drivers/STM32F1xx_HAL_Driver/Src/stm32f1xx_hal_cortex.o
 .debug_info    0x00000000000093bf      0x81e ./Drivers/STM32F1xx_HAL_Driver/Src/stm32f1xx_hal_dma.o
 .debug_info    0x0000000000009bdd      0x5f3 ./Drivers/STM32F1xx_HAL_Driver/Src/stm32f1xx_hal_flash.o
 .debug_info    0x000000000000a1d0      0x8a2 ./Drivers/STM32F1xx_HAL_Driver/Src/stm32f1xx_hal_flash_ex.o
 .debug_info    0x000000000000aa72      0x701 ./Drivers/STM32F1xx_HAL_Driver/Src/stm32f1xx_hal_gpio.o
 .debug_info    0x000000000000b173      0x88e ./Drivers/STM32F1xx_HAL_Driver/Src/stm32f1xx_hal_rcc.o
 .debug_info    0x000000000000ba01     0x16bf ./Drivers/STM32F1xx_HAL_Driver/Src/stm32f1xx_hal_spi.o
 .debug_info    0x000000000000d0c0     0x2a45 ./Drivers/STM32F1xx_HAL_Driver/Src/stm32f1xx_hal_tim.o
 .debug_info    0x000000000000fb05     0x14d5 ./Drivers/STM32F1xx_HAL_Driver/Src/stm32f1xx_hal_tim_ex.o
 .debug_info    0x0000000000010fda     0x161a ./Drivers/STM32F1xx_HAL_Driver/Src/stm32f1xx_hal_uart.o

.debug_abbrev   0x0000000000000000     0x2cdf
 .debug_abbrev  0x0000000000000000      0x272 ./Core/Src/RC-522.o
 .debug_abbrev  0x0000000000000272      0x18e ./Core/Src/buzzerControl.o
 .debug_abbrev  0x0000000000000400      0x218 ./Core/Src/flash.o
 .debug_abbrev  0x0000000000000618      0x1b9 ./Core/Src/ledControl.o
 .debug_abbrev  0x00000000000007d1      0x3a1 ./Core/Src/main.o
 .debug_abbrev  0x0000000000000b72      0x248 ./Core/Src/stm32f1xx_hal_msp.o
 .debug_abbrev  0x0000000000000dba      0x1c9 ./Core/Src/stm32f1xx_it.o
 .debug_abbrev  0x0000000000000f83      0x14e ./Core/Src/system_stm32f1xx.o
 .debug_abbrev  0x00000000000010d1       0x12 ./Core/Startup/startup_stm32f103c8tx.o
 .debug_abbrev  0x00000000000010e3      0x1ed ./Drivers/STM32F1xx_HAL_Driver/Src/stm32f1xx_hal.o
 .debug_abbrev  0x00000000000012d0      0x235 ./Drivers/STM32F1xx_HAL_Driver/Src/stm32f1xx_hal_can.o
 .debug_abbrev  0x0000000000001505      0x313 ./Drivers/STM32F1xx_HAL_Driver/Src/stm32f1xx_hal_cortex.o
 .debug_abbrev  0x0000000000001818      0x228 ./Drivers/STM32F1xx_HAL_Driver/Src/stm32f1xx_hal_dma.o
 .debug_abbrev  0x0000000000001a40      0x23e ./Drivers/STM32F1xx_HAL_Driver/Src/stm32f1xx_hal_flash.o
 .debug_abbrev  0x0000000000001c7e      0x249 ./Drivers/STM32F1xx_HAL_Driver/Src/stm32f1xx_hal_flash_ex.o
 .debug_abbrev  0x0000000000001ec7      0x1e8 ./Drivers/STM32F1xx_HAL_Driver/Src/stm32f1xx_hal_gpio.o
 .debug_abbrev  0x00000000000020af      0x273 ./Drivers/STM32F1xx_HAL_Driver/Src/stm32f1xx_hal_rcc.o
 .debug_abbrev  0x0000000000002322      0x26e ./Drivers/STM32F1xx_HAL_Driver/Src/stm32f1xx_hal_spi.o
 .debug_abbrev  0x0000000000002590      0x25e ./Drivers/STM32F1xx_HAL_Driver/Src/stm32f1xx_hal_tim.o
 .debug_abbrev  0x00000000000027ee      0x266 ./Drivers/STM32F1xx_HAL_Driver/Src/stm32f1xx_hal_tim_ex.o
 .debug_abbrev  0x0000000000002a54      0x28b ./Drivers/STM32F1xx_HAL_Driver/Src/stm32f1xx_hal_uart.o

.debug_aranges  0x0000000000000000     0x11d0
 .debug_aranges
                0x0000000000000000       0xa8 ./Core/Src/RC-522.o
 .debug_aranges
                0x00000000000000a8       0x30 ./Core/Src/buzzerControl.o
 .debug_aranges
                0x00000000000000d8       0x28 ./Core/Src/flash.o
 .debug_aranges
                0x0000000000000100       0x40 ./Core/Src/ledControl.o
 .debug_aranges
                0x0000000000000140       0xb8 ./Core/Src/main.o
 .debug_aranges
                0x00000000000001f8       0x60 ./Core/Src/stm32f1xx_hal_msp.o
 .debug_aranges
                0x0000000000000258       0x80 ./Core/Src/stm32f1xx_it.o
 .debug_aranges
                0x00000000000002d8       0x28 ./Core/Src/system_stm32f1xx.o
 .debug_aranges
                0x0000000000000300       0x28 ./Core/Startup/startup_stm32f103c8tx.o
 .debug_aranges
                0x0000000000000328       0xe0 ./Drivers/STM32F1xx_HAL_Driver/Src/stm32f1xx_hal.o
 .debug_aranges
                0x0000000000000408      0x138 ./Drivers/STM32F1xx_HAL_Driver/Src/stm32f1xx_hal_can.o
 .debug_aranges
                0x0000000000000540      0x100 ./Drivers/STM32F1xx_HAL_Driver/Src/stm32f1xx_hal_cortex.o
 .debug_aranges
                0x0000000000000640       0x80 ./Drivers/STM32F1xx_HAL_Driver/Src/stm32f1xx_hal_dma.o
 .debug_aranges
                0x00000000000006c0       0x88 ./Drivers/STM32F1xx_HAL_Driver/Src/stm32f1xx_hal_flash.o
 .debug_aranges
                0x0000000000000748       0x98 ./Drivers/STM32F1xx_HAL_Driver/Src/stm32f1xx_hal_flash_ex.o
 .debug_aranges
                0x00000000000007e0       0x58 ./Drivers/STM32F1xx_HAL_Driver/Src/stm32f1xx_hal_gpio.o
 .debug_aranges
                0x0000000000000838       0x90 ./Drivers/STM32F1xx_HAL_Driver/Src/stm32f1xx_hal_rcc.o
 .debug_aranges
                0x00000000000008c8      0x1d0 ./Drivers/STM32F1xx_HAL_Driver/Src/stm32f1xx_hal_spi.o
 .debug_aranges
                0x0000000000000a98      0x3d0 ./Drivers/STM32F1xx_HAL_Driver/Src/stm32f1xx_hal_tim.o
 .debug_aranges
                0x0000000000000e68      0x168 ./Drivers/STM32F1xx_HAL_Driver/Src/stm32f1xx_hal_tim_ex.o
 .debug_aranges
                0x0000000000000fd0      0x200 ./Drivers/STM32F1xx_HAL_Driver/Src/stm32f1xx_hal_uart.o

.debug_ranges   0x0000000000000000     0x10b8
 .debug_ranges  0x0000000000000000       0x98 ./Core/Src/RC-522.o
 .debug_ranges  0x0000000000000098       0x20 ./Core/Src/buzzerControl.o
 .debug_ranges  0x00000000000000b8       0x18 ./Core/Src/flash.o
 .debug_ranges  0x00000000000000d0       0x30 ./Core/Src/ledControl.o
 .debug_ranges  0x0000000000000100       0xa8 ./Core/Src/main.o
 .debug_ranges  0x00000000000001a8       0x50 ./Core/Src/stm32f1xx_hal_msp.o
 .debug_ranges  0x00000000000001f8       0x70 ./Core/Src/stm32f1xx_it.o
 .debug_ranges  0x0000000000000268       0x18 ./Core/Src/system_stm32f1xx.o
 .debug_ranges  0x0000000000000280       0x20 ./Core/Startup/startup_stm32f103c8tx.o
 .debug_ranges  0x00000000000002a0       0xd0 ./Drivers/STM32F1xx_HAL_Driver/Src/stm32f1xx_hal.o
 .debug_ranges  0x0000000000000370      0x128 ./Drivers/STM32F1xx_HAL_Driver/Src/stm32f1xx_hal_can.o
 .debug_ranges  0x0000000000000498       0xf0 ./Drivers/STM32F1xx_HAL_Driver/Src/stm32f1xx_hal_cortex.o
 .debug_ranges  0x0000000000000588       0x70 ./Drivers/STM32F1xx_HAL_Driver/Src/stm32f1xx_hal_dma.o
 .debug_ranges  0x00000000000005f8       0x78 ./Drivers/STM32F1xx_HAL_Driver/Src/stm32f1xx_hal_flash.o
 .debug_ranges  0x0000000000000670       0x88 ./Drivers/STM32F1xx_HAL_Driver/Src/stm32f1xx_hal_flash_ex.o
 .debug_ranges  0x00000000000006f8       0x48 ./Drivers/STM32F1xx_HAL_Driver/Src/stm32f1xx_hal_gpio.o
 .debug_ranges  0x0000000000000740       0x80 ./Drivers/STM32F1xx_HAL_Driver/Src/stm32f1xx_hal_rcc.o
 .debug_ranges  0x00000000000007c0      0x1c0 ./Drivers/STM32F1xx_HAL_Driver/Src/stm32f1xx_hal_spi.o
 .debug_ranges  0x0000000000000980      0x3c0 ./Drivers/STM32F1xx_HAL_Driver/Src/stm32f1xx_hal_tim.o
 .debug_ranges  0x0000000000000d40      0x158 ./Drivers/STM32F1xx_HAL_Driver/Src/stm32f1xx_hal_tim_ex.o
 .debug_ranges  0x0000000000000e98      0x220 ./Drivers/STM32F1xx_HAL_Driver/Src/stm32f1xx_hal_uart.o

.debug_macro    0x0000000000000000    0x18d3a
 .debug_macro   0x0000000000000000      0x1cf ./Core/Src/RC-522.o
 .debug_macro   0x00000000000001cf      0xa9c ./Core/Src/RC-522.o
 .debug_macro   0x0000000000000c6b      0x227 ./Core/Src/RC-522.o
 .debug_macro   0x0000000000000e92       0x2e ./Core/Src/RC-522.o
 .debug_macro   0x0000000000000ec0       0x22 ./Core/Src/RC-522.o
 .debug_macro   0x0000000000000ee2       0x22 ./Core/Src/RC-522.o
 .debug_macro   0x0000000000000f04       0x8e ./Core/Src/RC-522.o
 .debug_macro   0x0000000000000f92       0x51 ./Core/Src/RC-522.o
 .debug_macro   0x0000000000000fe3      0x103 ./Core/Src/RC-522.o
 .debug_macro   0x00000000000010e6       0x6a ./Core/Src/RC-522.o
 .debug_macro   0x0000000000001150      0x1df ./Core/Src/RC-522.o
 .debug_macro   0x000000000000132f       0x1c ./Core/Src/RC-522.o
 .debug_macro   0x000000000000134b       0x22 ./Core/Src/RC-522.o
 .debug_macro   0x000000000000136d       0xc3 ./Core/Src/RC-522.o
 .debug_macro   0x0000000000001430      0xd23 ./Core/Src/RC-522.o
 .debug_macro   0x0000000000002153     0xe09e ./Core/Src/RC-522.o
 .debug_macro   0x00000000000101f1       0x6d ./Core/Src/RC-522.o
 .debug_macro   0x000000000001025e     0x3468 ./Core/Src/RC-522.o
 .debug_macro   0x00000000000136c6      0x174 ./Core/Src/RC-522.o
 .debug_macro   0x000000000001383a       0x5c ./Core/Src/RC-522.o
 .debug_macro   0x0000000000013896      0x5be ./Core/Src/RC-522.o
 .debug_macro   0x0000000000013e54      0x289 ./Core/Src/RC-522.o
 .debug_macro   0x00000000000140dd      0x1cb ./Core/Src/RC-522.o
 .debug_macro   0x00000000000142a8      0x114 ./Core/Src/RC-522.o
 .debug_macro   0x00000000000143bc      0x1b2 ./Core/Src/RC-522.o
 .debug_macro   0x000000000001456e       0x27 ./Core/Src/RC-522.o
 .debug_macro   0x0000000000014595      0x136 ./Core/Src/RC-522.o
 .debug_macro   0x00000000000146cb      0x1bc ./Core/Src/RC-522.o
 .debug_macro   0x0000000000014887       0x34 ./Core/Src/RC-522.o
 .debug_macro   0x00000000000148bb       0x3c ./Core/Src/RC-522.o
 .debug_macro   0x00000000000148f7      0x408 ./Core/Src/RC-522.o
 .debug_macro   0x0000000000014cff       0x57 ./Core/Src/RC-522.o
 .debug_macro   0x0000000000014d56       0x88 ./Core/Src/RC-522.o
 .debug_macro   0x0000000000014dde      0x241 ./Core/Src/RC-522.o
 .debug_macro   0x000000000001501f      0x141 ./Core/Src/RC-522.o
 .debug_macro   0x0000000000015160      0x217 ./Core/Src/RC-522.o
 .debug_macro   0x0000000000015377      0x8d1 ./Core/Src/RC-522.o
 .debug_macro   0x0000000000015c48      0x279 ./Core/Src/RC-522.o
 .debug_macro   0x0000000000015ec1       0x83 ./Core/Src/RC-522.o
 .debug_macro   0x0000000000015f44       0xd6 ./Core/Src/RC-522.o
 .debug_macro   0x000000000001601a      0x223 ./Core/Src/RC-522.o
 .debug_macro   0x000000000001623d      0x1d0 ./Core/Src/buzzerControl.o
 .debug_macro   0x000000000001640d      0x2b0 ./Core/Src/flash.o
 .debug_macro   0x00000000000166bd       0x52 ./Core/Src/flash.o
 .debug_macro   0x000000000001670f       0x18 ./Core/Src/flash.o
 .debug_macro   0x0000000000016727       0x3c ./Core/Src/flash.o
 .debug_macro   0x0000000000016763       0x34 ./Core/Src/flash.o
 .debug_macro   0x0000000000016797       0x16 ./Core/Src/flash.o
 .debug_macro   0x00000000000167ad       0x43 ./Core/Src/flash.o
 .debug_macro   0x00000000000167f0       0x34 ./Core/Src/flash.o
 .debug_macro   0x0000000000016824       0x10 ./Core/Src/flash.o
 .debug_macro   0x0000000000016834       0x58 ./Core/Src/flash.o
 .debug_macro   0x000000000001688c       0x71 ./Core/Src/flash.o
 .debug_macro   0x00000000000168fd       0x1c ./Core/Src/flash.o
 .debug_macro   0x0000000000016919      0x12a ./Core/Src/flash.o
 .debug_macro   0x0000000000016a43      0x333 ./Core/Src/flash.o
 .debug_macro   0x0000000000016d76       0x10 ./Core/Src/flash.o
 .debug_macro   0x0000000000016d86       0x35 ./Core/Src/flash.o
 .debug_macro   0x0000000000016dbb       0x20 ./Core/Src/flash.o
 .debug_macro   0x0000000000016ddb      0x1d5 ./Core/Src/ledControl.o
 .debug_macro   0x0000000000016fb0       0x10 ./Core/Src/ledControl.o
 .debug_macro   0x0000000000016fc0      0x2be ./Core/Src/main.o
 .debug_macro   0x000000000001727e       0x16 ./Core/Src/main.o
 .debug_macro   0x0000000000017294      0x1c6 ./Core/Src/stm32f1xx_hal_msp.o
 .debug_macro   0x000000000001745a      0x1d0 ./Core/Src/stm32f1xx_it.o
 .debug_macro   0x000000000001762a      0x1b7 ./Core/Src/system_stm32f1xx.o
 .debug_macro   0x00000000000177e1      0x1db ./Drivers/STM32F1xx_HAL_Driver/Src/stm32f1xx_hal.o
 .debug_macro   0x00000000000179bc      0x1bf ./Drivers/STM32F1xx_HAL_Driver/Src/stm32f1xx_hal_can.o
 .debug_macro   0x0000000000017b7b      0x1b7 ./Drivers/STM32F1xx_HAL_Driver/Src/stm32f1xx_hal_cortex.o
 .debug_macro   0x0000000000017d32      0x1b7 ./Drivers/STM32F1xx_HAL_Driver/Src/stm32f1xx_hal_dma.o
 .debug_macro   0x0000000000017ee9      0x1b7 ./Drivers/STM32F1xx_HAL_Driver/Src/stm32f1xx_hal_flash.o
 .debug_macro   0x00000000000180a0      0x1c9 ./Drivers/STM32F1xx_HAL_Driver/Src/stm32f1xx_hal_flash_ex.o
 .debug_macro   0x0000000000018269      0x222 ./Drivers/STM32F1xx_HAL_Driver/Src/stm32f1xx_hal_gpio.o
 .debug_macro   0x000000000001848b      0x1c9 ./Drivers/STM32F1xx_HAL_Driver/Src/stm32f1xx_hal_rcc.o
 .debug_macro   0x0000000000018654      0x1bf ./Drivers/STM32F1xx_HAL_Driver/Src/stm32f1xx_hal_spi.o
 .debug_macro   0x0000000000018813      0x1b8 ./Drivers/STM32F1xx_HAL_Driver/Src/stm32f1xx_hal_tim.o
 .debug_macro   0x00000000000189cb      0x1b7 ./Drivers/STM32F1xx_HAL_Driver/Src/stm32f1xx_hal_tim_ex.o
 .debug_macro   0x0000000000018b82      0x1b8 ./Drivers/STM32F1xx_HAL_Driver/Src/stm32f1xx_hal_uart.o

.debug_line     0x0000000000000000    0x13098
 .debug_line    0x0000000000000000      0xbbc ./Core/Src/RC-522.o
 .debug_line    0x0000000000000bbc      0x7e8 ./Core/Src/buzzerControl.o
 .debug_line    0x00000000000013a4      0x864 ./Core/Src/flash.o
 .debug_line    0x0000000000001c08      0x834 ./Core/Src/ledControl.o
 .debug_line    0x000000000000243c     0x1356 ./Core/Src/main.o
 .debug_line    0x0000000000003792      0x821 ./Core/Src/stm32f1xx_hal_msp.o
 .debug_line    0x0000000000003fb3      0x7cd ./Core/Src/stm32f1xx_it.o
 .debug_line    0x0000000000004780      0x729 ./Core/Src/system_stm32f1xx.o
 .debug_line    0x0000000000004ea9       0x87 ./Core/Startup/startup_stm32f103c8tx.o
 .debug_line    0x0000000000004f30      0x956 ./Drivers/STM32F1xx_HAL_Driver/Src/stm32f1xx_hal.o
 .debug_line    0x0000000000005886     0x10f7 ./Drivers/STM32F1xx_HAL_Driver/Src/stm32f1xx_hal_can.o
 .debug_line    0x000000000000697d      0xb3e ./Drivers/STM32F1xx_HAL_Driver/Src/stm32f1xx_hal_cortex.o
 .debug_line    0x00000000000074bb      0xdae ./Drivers/STM32F1xx_HAL_Driver/Src/stm32f1xx_hal_dma.o
 .debug_line    0x0000000000008269      0xa33 ./Drivers/STM32F1xx_HAL_Driver/Src/stm32f1xx_hal_flash.o
 .debug_line    0x0000000000008c9c      0xb22 ./Drivers/STM32F1xx_HAL_Driver/Src/stm32f1xx_hal_flash_ex.o
 .debug_line    0x00000000000097be      0x9ed ./Drivers/STM32F1xx_HAL_Driver/Src/stm32f1xx_hal_gpio.o
 .debug_line    0x000000000000a1ab      0xd64 ./Drivers/STM32F1xx_HAL_Driver/Src/stm32f1xx_hal_rcc.o
 .debug_line    0x000000000000af0f     0x1bdb ./Drivers/STM32F1xx_HAL_Driver/Src/stm32f1xx_hal_spi.o
 .debug_line    0x000000000000caea     0x32ff ./Drivers/STM32F1xx_HAL_Driver/Src/stm32f1xx_hal_tim.o
 .debug_line    0x000000000000fde9     0x187e ./Drivers/STM32F1xx_HAL_Driver/Src/stm32f1xx_hal_tim_ex.o
 .debug_line    0x0000000000011667     0x1a31 ./Drivers/STM32F1xx_HAL_Driver/Src/stm32f1xx_hal_uart.o

.debug_str      0x0000000000000000    0x8f15c
 .debug_str     0x0000000000000000    0x87492 ./Core/Src/RC-522.o
                                      0x87867 (size before relaxing)
 .debug_str     0x0000000000087492      0x109 ./Core/Src/buzzerControl.o
                                      0x86df7 (size before relaxing)
 .debug_str     0x000000000008759b     0x3314 ./Core/Src/flash.o
                                      0x8a03b (size before relaxing)
 .debug_str     0x000000000008a8af      0x197 ./Core/Src/ledControl.o
                                      0x86eba (size before relaxing)
 .debug_str     0x000000000008aa46      0xd14 ./Core/Src/main.o
                                      0x8b93a (size before relaxing)
 .debug_str     0x000000000008b75a      0x357 ./Core/Src/stm32f1xx_hal_msp.o
                                      0x87b7d (size before relaxing)
 .debug_str     0x000000000008bab1      0x105 ./Core/Src/stm32f1xx_it.o
                                      0x876bb (size before relaxing)
 .debug_str     0x000000000008bbb6       0x52 ./Core/Src/system_stm32f1xx.o
                                      0x86a18 (size before relaxing)
 .debug_str     0x000000000008bc08       0x36 ./Core/Startup/startup_stm32f103c8tx.o
                                         0x6b (size before relaxing)
 .debug_str     0x000000000008bc3e      0x2fa ./Drivers/STM32F1xx_HAL_Driver/Src/stm32f1xx_hal.o
                                      0x870a9 (size before relaxing)
 .debug_str     0x000000000008bf38      0x470 ./Drivers/STM32F1xx_HAL_Driver/Src/stm32f1xx_hal_can.o
                                      0x87238 (size before relaxing)
 .debug_str     0x000000000008c3a8      0x2d8 ./Drivers/STM32F1xx_HAL_Driver/Src/stm32f1xx_hal_cortex.o
                                      0x870b1 (size before relaxing)
 .debug_str     0x000000000008c680      0x230 ./Drivers/STM32F1xx_HAL_Driver/Src/stm32f1xx_hal_dma.o
                                      0x86df3 (size before relaxing)
 .debug_str     0x000000000008c8b0      0x27a ./Drivers/STM32F1xx_HAL_Driver/Src/stm32f1xx_hal_flash.o
                                      0x86cee (size before relaxing)
 .debug_str     0x000000000008cb2a      0x330 ./Drivers/STM32F1xx_HAL_Driver/Src/stm32f1xx_hal_flash_ex.o
                                      0x86eb2 (size before relaxing)
 .debug_str     0x000000000008ce5a      0x308 ./Drivers/STM32F1xx_HAL_Driver/Src/stm32f1xx_hal_gpio.o
                                      0x86ddc (size before relaxing)
 .debug_str     0x000000000008d162      0x24f ./Drivers/STM32F1xx_HAL_Driver/Src/stm32f1xx_hal_rcc.o
                                      0x86e15 (size before relaxing)
 .debug_str     0x000000000008d3b1      0x53a ./Drivers/STM32F1xx_HAL_Driver/Src/stm32f1xx_hal_spi.o
                                      0x87324 (size before relaxing)
 .debug_str     0x000000000008d8eb      0xdbd ./Drivers/STM32F1xx_HAL_Driver/Src/stm32f1xx_hal_tim.o
                                      0x87de7 (size before relaxing)
 .debug_str     0x000000000008e6a8      0x4ee ./Drivers/STM32F1xx_HAL_Driver/Src/stm32f1xx_hal_tim_ex.o
                                      0x87598 (size before relaxing)
 .debug_str     0x000000000008eb96      0x5c6 ./Drivers/STM32F1xx_HAL_Driver/Src/stm32f1xx_hal_uart.o
                                      0x87407 (size before relaxing)

.comment        0x0000000000000000       0x53
 .comment       0x0000000000000000       0x53 ./Core/Src/RC-522.o
                                         0x54 (size before relaxing)
 .comment       0x0000000000000053       0x54 ./Core/Src/buzzerControl.o
 .comment       0x0000000000000053       0x54 ./Core/Src/flash.o
 .comment       0x0000000000000053       0x54 ./Core/Src/ledControl.o
 .comment       0x0000000000000053       0x54 ./Core/Src/main.o
 .comment       0x0000000000000053       0x54 ./Core/Src/stm32f1xx_hal_msp.o
 .comment       0x0000000000000053       0x54 ./Core/Src/stm32f1xx_it.o
 .comment       0x0000000000000053       0x54 ./Core/Src/system_stm32f1xx.o
 .comment       0x0000000000000053       0x54 ./Drivers/STM32F1xx_HAL_Driver/Src/stm32f1xx_hal.o
 .comment       0x0000000000000053       0x54 ./Drivers/STM32F1xx_HAL_Driver/Src/stm32f1xx_hal_can.o
 .comment       0x0000000000000053       0x54 ./Drivers/STM32F1xx_HAL_Driver/Src/stm32f1xx_hal_cortex.o
 .comment       0x0000000000000053       0x54 ./Drivers/STM32F1xx_HAL_Driver/Src/stm32f1xx_hal_dma.o
 .comment       0x0000000000000053       0x54 ./Drivers/STM32F1xx_HAL_Driver/Src/stm32f1xx_hal_flash.o
 .comment       0x0000000000000053       0x54 ./Drivers/STM32F1xx_HAL_Driver/Src/stm32f1xx_hal_flash_ex.o
 .comment       0x0000000000000053       0x54 ./Drivers/STM32F1xx_HAL_Driver/Src/stm32f1xx_hal_gpio.o
 .comment       0x0000000000000053       0x54 ./Drivers/STM32F1xx_HAL_Driver/Src/stm32f1xx_hal_rcc.o
 .comment       0x0000000000000053       0x54 ./Drivers/STM32F1xx_HAL_Driver/Src/stm32f1xx_hal_spi.o
 .comment       0x0000000000000053       0x54 ./Drivers/STM32F1xx_HAL_Driver/Src/stm32f1xx_hal_tim.o
 .comment       0x0000000000000053       0x54 ./Drivers/STM32F1xx_HAL_Driver/Src/stm32f1xx_hal_tim_ex.o
 .comment       0x0000000000000053       0x54 ./Drivers/STM32F1xx_HAL_Driver/Src/stm32f1xx_hal_uart.o

.debug_frame    0x0000000000000000     0x4a94
 .debug_frame   0x0000000000000000      0x288 ./Core/Src/RC-522.o
 .debug_frame   0x0000000000000288       0x78 ./Core/Src/buzzerControl.o
 .debug_frame   0x0000000000000300       0x50 ./Core/Src/flash.o
 .debug_frame   0x0000000000000350       0xbc ./Core/Src/ledControl.o
 .debug_frame   0x000000000000040c      0x2cc ./Core/Src/main.o
 .debug_frame   0x00000000000006d8      0x158 ./Core/Src/stm32f1xx_hal_msp.o
 .debug_frame   0x0000000000000830      0x174 ./Core/Src/stm32f1xx_it.o
 .debug_frame   0x00000000000009a4       0x58 ./Core/Src/system_stm32f1xx.o
 .debug_frame   0x00000000000009fc      0x334 ./Drivers/STM32F1xx_HAL_Driver/Src/stm32f1xx_hal.o
 .debug_frame   0x0000000000000d30      0x5a0 ./Drivers/STM32F1xx_HAL_Driver/Src/stm32f1xx_hal_can.o
 .debug_frame   0x00000000000012d0      0x428 ./Drivers/STM32F1xx_HAL_Driver/Src/stm32f1xx_hal_cortex.o
 .debug_frame   0x00000000000016f8      0x208 ./Drivers/STM32F1xx_HAL_Driver/Src/stm32f1xx_hal_dma.o
 .debug_frame   0x0000000000001900      0x20c ./Drivers/STM32F1xx_HAL_Driver/Src/stm32f1xx_hal_flash.o
 .debug_frame   0x0000000000001b0c      0x258 ./Drivers/STM32F1xx_HAL_Driver/Src/stm32f1xx_hal_flash_ex.o
 .debug_frame   0x0000000000001d64      0x14c ./Drivers/STM32F1xx_HAL_Driver/Src/stm32f1xx_hal_gpio.o
 .debug_frame   0x0000000000001eb0      0x21c ./Drivers/STM32F1xx_HAL_Driver/Src/stm32f1xx_hal_rcc.o
 .debug_frame   0x00000000000020cc      0x824 ./Drivers/STM32F1xx_HAL_Driver/Src/stm32f1xx_hal_spi.o
 .debug_frame   0x00000000000028f0     0x11b8 ./Drivers/STM32F1xx_HAL_Driver/Src/stm32f1xx_hal_tim.o
 .debug_frame   0x0000000000003aa8      0x638 ./Drivers/STM32F1xx_HAL_Driver/Src/stm32f1xx_hal_tim_ex.o
 .debug_frame   0x00000000000040e0      0x914 ./Drivers/STM32F1xx_HAL_Driver/Src/stm32f1xx_hal_uart.o
 .debug_frame   0x00000000000049f4       0x2c c:/st/stm32cubeide_1.7.0/stm32cubeide/plugins/com.st.stm32cube.ide.mcu.externaltools.gnu-tools-for-stm32.9-2020-q2-update.win32_2.0.0.202105311346/tools/bin/../lib/gcc/arm-none-eabi/9.3.1/../../../../arm-none-eabi/lib/thumb/v7-m/nofp\libc_nano.a(lib_a-init.o)
 .debug_frame   0x0000000000004a20       0x2c c:/st/stm32cubeide_1.7.0/stm32cubeide/plugins/com.st.stm32cube.ide.mcu.externaltools.gnu-tools-for-stm32.9-2020-q2-update.win32_2.0.0.202105311346/tools/bin/../lib/gcc/arm-none-eabi/9.3.1/../../../../arm-none-eabi/lib/thumb/v7-m/nofp\libc_nano.a(lib_a-memcmp.o)
 .debug_frame   0x0000000000004a4c       0x28 c:/st/stm32cubeide_1.7.0/stm32cubeide/plugins/com.st.stm32cube.ide.mcu.externaltools.gnu-tools-for-stm32.9-2020-q2-update.win32_2.0.0.202105311346/tools/bin/../lib/gcc/arm-none-eabi/9.3.1/../../../../arm-none-eabi/lib/thumb/v7-m/nofp\libc_nano.a(lib_a-memcpy-stub.o)
 .debug_frame   0x0000000000004a74       0x20 c:/st/stm32cubeide_1.7.0/stm32cubeide/plugins/com.st.stm32cube.ide.mcu.externaltools.gnu-tools-for-stm32.9-2020-q2-update.win32_2.0.0.202105311346/tools/bin/../lib/gcc/arm-none-eabi/9.3.1/../../../../arm-none-eabi/lib/thumb/v7-m/nofp\libc_nano.a(lib_a-memset.o)
