main.c:138:6:HAL_TIM_PeriodElapsedCallback	24	static
main.c:238:9:WhichCardEmpty	24	static
main.c:259:6:DeviceStatusUpdate	16	static
main.c:334:9:ReaderControl	24	static
main.c:352:6:HAL_UART_RxCpltCallback	16	static
main.c:497:9:CheckUart	24	static
main.c:515:6:PrepareUartPackage	32	static
main.c:545:9:ProcessCardID	24	static
main.c:658:6:SendData	24	static
main.c:675:9:CardControl	16	static
main.c:731:6:DoorControl	16	static
main.c:752:5:main	88	static
main.c:1040:6:SystemClock_Config	72	static
main.c:1079:13:MX_CAN_Init	48	static
main.c:1128:13:MX_SPI2_Init	8	static
main.c:1166:13:MX_TIM3_Init	32	static
main.c:1211:13:MX_USART1_UART_Init	8	static
main.c:1244:13:MX_USART2_UART_Init	8	static
main.c:1277:13:MX_GPIO_Init	40	static
main.c:1350:6:Error_Handler	4	static,ignoring_inline_asm
